<html>
<body>
<pre>
<h1>µVision Build Log</h1>
<h2>Tool Versions:</h2>
IDE-Version: µVision V5.32.0.0
Copyright (C) 2020 ARM Ltd and ARM Germany GmbH. All rights reserved.
License Information: huy huy, huy, LIC=----
 
Tool Versions:
Toolchain:       MDK-Lite  Version: 5.32.0.0
Toolchain Path:  C:\Keil_v5\ARM\ARMCC\Bin
C Compiler:      Armcc.exe V5.06 update 7 (build 960)
Assembler:       Armasm.exe V5.06 update 7 (build 960)
Linker/Locator:  ArmLink.exe V5.06 update 7 (build 960)
Library Manager: ArmAr.exe V5.06 update 7 (build 960)
Hex Converter:   FromElf.exe V5.06 update 7 (build 960)
CPU DLL:         SARMCM3.DLL V5.32.0.0
Dialog DLL:      DARMCM1.DLL V1.19.4.0
Target DLL:      STLink\ST-LINKIII-KEIL_SWO.dll V3.0.8.0
Dialog DLL:      TARMCM1.DLL V1.14.3.0
 
<h2>Project:</h2>
C:\GitHub\ESpace-hcm\Ultrasonic\MDK-ARM\Ultrasonic.uvprojx
Project File Date:  11/11/2020

<h2>Output:</h2>
*** Using Compiler 'V5.06 update 7 (build 960)', folder: 'C:\Keil_v5\ARM\ARMCC\Bin'
Build target 'Ultrasonic'
compiling main.c...
../Src/main.c(86): warning:  #188-D: enumerated type mixed with another type
      HAL_GPIO_WritePin(GPIOA, LedPin[1] - 32, Value);
../Src/main.c(90): warning:  #188-D: enumerated type mixed with another type
      HAL_GPIO_WritePin(GPIOB, LedPin[1] - 32, Value);
../Src/main.c(104): warning:  #940-D: missing return statement at end of non-void function "digitalRead" 
  }
../Src/main.c(139): warning:  #223-D: function "strlen" declared implicitly
      HAL_UART_Transmit(&huart1, text, (uint16_t)strlen(text), 1000);
../Src/main.c(139): warning:  #167-D: argument of type "char *" is incompatible with parameter of type "uint8_t *"
      HAL_UART_Transmit(&huart1, text, (uint16_t)strlen(text), 1000);
../Src/main.c(143): warning:  #223-D: function "strlen" declared implicitly
      HAL_UART_Transmit(&huart2, text, (uint16_t)strlen(text), 1000);
../Src/main.c(143): warning:  #167-D: argument of type "char *" is incompatible with parameter of type "uint8_t *"
      HAL_UART_Transmit(&huart2, text, (uint16_t)strlen(text), 1000);
../Src/main.c(171): warning:  #167-D: argument of type "char *" is incompatible with parameter of type "uint8_t *"
      HAL_UART_Receive_IT(&huart1, Rx_data1, 1); //activate UART receive interrupt every time
../Src/main.c(194): warning:  #167-D: argument of type "char *" is incompatible with parameter of type "uint8_t *"
      HAL_UART_Receive_IT(&huart2, Rx_data2, 1); //activate UART receive interrupt every time
../Src/main.c(315): warning:  #167-D: argument of type "char *" is incompatible with parameter of type "uint8_t *"
  	HAL_UART_Receive_IT(&huart2, Rx_data2, 1);
../Src/main.c(325): warning:  #167-D: argument of type "char *" is incompatible with parameter of type "uint8_t *"
  	    HAL_UART_Receive_IT(&huart2, Rx_data2, 1);
../Src/main.c: 11 warnings, 0 errors
linking...
Program Size: Code=9352 RO-data=248 RW-data=52 ZI-data=1780  
FromELF: creating hex file...
"Ultrasonic\Ultrasonic.axf" - 0 Error(s), 11 Warning(s).

<h2>Software Packages used:</h2>

Package Vendor: ARM
                http://www.keil.com/pack/ARM.CMSIS.5.7.0.pack
                ARM.CMSIS.5.7.0
                CMSIS (Cortex Microcontroller Software Interface Standard)
   * Component: CORE Version: 5.4.0

Package Vendor: Keil
                http://www.keil.com/pack/Keil.STM32F0xx_DFP.2.1.0.pack
                Keil.STM32F0xx_DFP.2.1.0
                STMicroelectronics STM32F0 Series Device Support, Drivers and Examples

<h2>Collection of Component include folders:</h2>
  .\RTE\_Ultrasonic
  C:\Users\CaoHuy\AppData\Local\Arm\Packs\ARM\CMSIS\5.7.0\CMSIS\Core\Include
  C:\Users\CaoHuy\AppData\Local\Arm\Packs\Keil\STM32F0xx_DFP\2.1.0\Drivers\CMSIS\Device\ST\STM32F0xx\Include

<h2>Collection of Component Files used:</h2>

   * Component: ARM::CMSIS:CORE:5.4.0
Build Time Elapsed:  00:00:03
</pre>
</body>
</html>
