Component: ARM Compiler 5.06 update 7 (build 960) Tool: armlink [4d3601]

==============================================================================

Section Cross References

    startup_stm32f042x6.o(RESET) refers to startup_stm32f042x6.o(STACK) for __initial_sp
    startup_stm32f042x6.o(RESET) refers to startup_stm32f042x6.o(.text) for Reset_Handler
    startup_stm32f042x6.o(RESET) refers to stm32f0xx_it.o(i.NMI_Handler) for NMI_Handler
    startup_stm32f042x6.o(RESET) refers to stm32f0xx_it.o(i.HardFault_Handler) for HardFault_Handler
    startup_stm32f042x6.o(RESET) refers to port.o(i.SVC_Handler) for SVC_Handler
    startup_stm32f042x6.o(RESET) refers to port.o(.emb_text) for PendSV_Handler
    startup_stm32f042x6.o(RESET) refers to port.o(i.SysTick_Handler) for SysTick_Handler
    startup_stm32f042x6.o(RESET) refers to stm32f0xx_it.o(i.DMA1_Channel1_IRQHandler) for DMA1_Channel1_IRQHandler
    startup_stm32f042x6.o(RESET) refers to stm32f0xx_it.o(i.DMA1_Channel2_3_IRQHandler) for DMA1_Channel2_3_IRQHandler
    startup_stm32f042x6.o(RESET) refers to stm32f0xx_it.o(i.DMA1_Channel4_5_IRQHandler) for DMA1_Channel4_5_IRQHandler
    startup_stm32f042x6.o(RESET) refers to stm32f0xx_it.o(i.TIM1_BRK_UP_TRG_COM_IRQHandler) for TIM1_BRK_UP_TRG_COM_IRQHandler
    startup_stm32f042x6.o(RESET) refers to stm32f0xx_it.o(i.TIM17_IRQHandler) for TIM17_IRQHandler
    startup_stm32f042x6.o(RESET) refers to stm32f0xx_it.o(i.USART1_IRQHandler) for USART1_IRQHandler
    startup_stm32f042x6.o(RESET) refers to stm32f0xx_it.o(i.USART2_IRQHandler) for USART2_IRQHandler
    startup_stm32f042x6.o(.text) refers to startup_stm32f042x6.o(STACK) for __initial_sp
    startup_stm32f042x6.o(.text) refers to system_stm32f0xx.o(i.SystemInit) for SystemInit
    startup_stm32f042x6.o(.text) refers to entry.o(.ARM.Collect$$$$00000000) for __main
    main.o(i.SystemClock_Config) refers to memseta.o(.text) for __aeabi_memclr4
    main.o(i.SystemClock_Config) refers to stm32f0xx_hal_rcc.o(i.HAL_RCC_OscConfig) for HAL_RCC_OscConfig
    main.o(i.SystemClock_Config) refers to stm32f0xx_hal_rcc.o(i.HAL_RCC_ClockConfig) for HAL_RCC_ClockConfig
    main.o(i.SystemClock_Config) refers to stm32f0xx_hal_rcc_ex.o(i.HAL_RCCEx_PeriphCLKConfig) for HAL_RCCEx_PeriphCLKConfig
    main.o(i.SystemClock_Config) refers to main.o(i.Error_Handler) for Error_Handler
    main.o(i.main) refers to stm32f0xx_hal.o(i.HAL_Init) for HAL_Init
    main.o(i.main) refers to main.o(i.SystemClock_Config) for SystemClock_Config
    main.o(i.main) refers to gpio.o(i.MX_GPIO_Init) for MX_GPIO_Init
    main.o(i.main) refers to dma.o(i.MX_DMA_Init) for MX_DMA_Init
    main.o(i.main) refers to adc.o(i.MX_ADC_Init) for MX_ADC_Init
    main.o(i.main) refers to can.o(i.MX_CAN_Init) for MX_CAN_Init
    main.o(i.main) refers to tim.o(i.MX_TIM3_Init) for MX_TIM3_Init
    main.o(i.main) refers to usart.o(i.MX_USART1_UART_Init) for MX_USART1_UART_Init
    main.o(i.main) refers to usart.o(i.MX_USART2_UART_Init) for MX_USART2_UART_Init
    main.o(i.main) refers to tim.o(i.MX_TIM17_Init) for MX_TIM17_Init
    main.o(i.main) refers to stm32f0xx_hal_tim.o(i.HAL_TIM_Base_Start_IT) for HAL_TIM_Base_Start_IT
    main.o(i.main) refers to stm32f0xx_hal_adc.o(i.HAL_ADC_Start_DMA) for HAL_ADC_Start_DMA
    main.o(i.main) refers to freertos.o(i.MX_FREERTOS_Init) for MX_FREERTOS_Init
    main.o(i.main) refers to cmsis_os.o(i.osKernelStart) for osKernelStart
    main.o(i.main) refers to tim.o(.bss) for htim17
    main.o(i.main) refers to main.o(.bss) for .bss
    main.o(i.main) refers to adc.o(.bss) for hadc
    gpio.o(i.MX_GPIO_Init) refers to memseta.o(.text) for __aeabi_memclr4
    gpio.o(i.MX_GPIO_Init) refers to stm32f0xx_hal_gpio.o(i.HAL_GPIO_WritePin) for HAL_GPIO_WritePin
    gpio.o(i.MX_GPIO_Init) refers to stm32f0xx_hal_gpio.o(i.HAL_GPIO_Init) for HAL_GPIO_Init
    gpio.o(i.digitalRead) refers to memseta.o(.text) for __aeabi_memclr4
    gpio.o(i.digitalRead) refers to stm32f0xx_hal_gpio.o(i.HAL_GPIO_Init) for HAL_GPIO_Init
    gpio.o(i.digitalRead) refers to stm32f0xx_hal_gpio.o(i.HAL_GPIO_ReadPin) for HAL_GPIO_ReadPin
    gpio.o(i.digitalWrite) refers to stm32f0xx_hal_gpio.o(i.HAL_GPIO_WritePin) for HAL_GPIO_WritePin
    freertos.o(i.MX_FREERTOS_Init) refers to memcpya.o(.text) for __aeabi_memcpy4
    freertos.o(i.MX_FREERTOS_Init) refers to cmsis_os.o(i.osThreadCreate) for osThreadCreate
    freertos.o(i.MX_FREERTOS_Init) refers to freertos.o(.constdata) for .constdata
    freertos.o(i.MX_FREERTOS_Init) refers to freertos.o(.data) for .data
    freertos.o(i.StartLED) refers to ffltui.o(.text) for __aeabi_ui2f
    freertos.o(i.StartLED) refers to fmul.o(.text) for __aeabi_fmul
    freertos.o(i.StartLED) refers to f2d.o(.text) for __aeabi_f2d
    freertos.o(i.StartLED) refers to dadd.o(.text) for __aeabi_dsub
    freertos.o(i.StartLED) refers to ddiv.o(.text) for __aeabi_ddiv
    freertos.o(i.StartLED) refers to d2f.o(.text) for __aeabi_d2f
[...]
    ../Drivers/STM32F0xx_HAL_Driver/Src/stm32f0xx_hal_i2c_ex.c 0x00000000   Number         0  stm32f0xx_hal_i2c_ex.o ABSOLUTE
    ../Drivers/STM32F0xx_HAL_Driver/Src/stm32f0xx_hal_pwr.c 0x00000000   Number         0  stm32f0xx_hal_pwr.o ABSOLUTE
    ../Drivers/STM32F0xx_HAL_Driver/Src/stm32f0xx_hal_pwr_ex.c 0x00000000   Number         0  stm32f0xx_hal_pwr_ex.o ABSOLUTE
    ../Drivers/STM32F0xx_HAL_Driver/Src/stm32f0xx_hal_rcc.c 0x00000000   Number         0  stm32f0xx_hal_rcc.o ABSOLUTE
    ../Drivers/STM32F0xx_HAL_Driver/Src/stm32f0xx_hal_rcc_ex.c 0x00000000   Number         0  stm32f0xx_hal_rcc_ex.o ABSOLUTE
    ../Drivers/STM32F0xx_HAL_Driver/Src/stm32f0xx_hal_tim.c 0x00000000   Number         0  stm32f0xx_hal_tim.o ABSOLUTE
    ../Drivers/STM32F0xx_HAL_Driver/Src/stm32f0xx_hal_tim_ex.c 0x00000000   Number         0  stm32f0xx_hal_tim_ex.o ABSOLUTE
    ../Drivers/STM32F0xx_HAL_Driver/Src/stm32f0xx_hal_uart.c 0x00000000   Number         0  stm32f0xx_hal_uart.o ABSOLUTE
    ../Drivers/STM32F0xx_HAL_Driver/Src/stm32f0xx_hal_uart_ex.c 0x00000000   Number         0  stm32f0xx_hal_uart_ex.o ABSOLUTE
    ../Middlewares/Third_Party/FreeRTOS/Source/CMSIS_RTOS/cmsis_os.c 0x00000000   Number         0  cmsis_os.o ABSOLUTE
    ../Middlewares/Third_Party/FreeRTOS/Source/croutine.c 0x00000000   Number         0  croutine.o ABSOLUTE
    ../Middlewares/Third_Party/FreeRTOS/Source/event_groups.c 0x00000000   Number         0  event_groups.o ABSOLUTE
    ../Middlewares/Third_Party/FreeRTOS/Source/list.c 0x00000000   Number         0  list.o ABSOLUTE
    ../Middlewares/Third_Party/FreeRTOS/Source/portable/MemMang/heap_4.c 0x00000000   Number         0  heap_4.o ABSOLUTE
    ../Middlewares/Third_Party/FreeRTOS/Source/portable/RVDS/ARM_CM0/port.c 0x00000000   Number         0  port.o ABSOLUTE
    ../Middlewares/Third_Party/FreeRTOS/Source/queue.c 0x00000000   Number         0  queue.o ABSOLUTE
    ../Middlewares/Third_Party/FreeRTOS/Source/stream_buffer.c 0x00000000   Number         0  stream_buffer.o ABSOLUTE
    ../Middlewares/Third_Party/FreeRTOS/Source/tasks.c 0x00000000   Number         0  tasks.o ABSOLUTE
    ../Middlewares/Third_Party/FreeRTOS/Source/timers.c 0x00000000   Number         0  timers.o ABSOLUTE
    ../Src/adc.c                             0x00000000   Number         0  adc.o ABSOLUTE
    ../Src/can.c                             0x00000000   Number         0  can.o ABSOLUTE
    ../Src/dma.c                             0x00000000   Number         0  dma.o ABSOLUTE
    ../Src/freertos.c                        0x00000000   Number         0  freertos.o ABSOLUTE
    ../Src/gpio.c                            0x00000000   Number         0  gpio.o ABSOLUTE
    ../Src/main.c                            0x00000000   Number         0  main.o ABSOLUTE
    ../Src/stm32f0xx_hal_msp.c               0x00000000   Number         0  stm32f0xx_hal_msp.o ABSOLUTE
    ../Src/stm32f0xx_hal_timebase_tim.c      0x00000000   Number         0  stm32f0xx_hal_timebase_tim.o ABSOLUTE
    ../Src/stm32f0xx_it.c                    0x00000000   Number         0  stm32f0xx_it.o ABSOLUTE
    ../Src/system_stm32f0xx.c                0x00000000   Number         0  system_stm32f0xx.o ABSOLUTE
    ../Src/tim.c                             0x00000000   Number         0  tim.o ABSOLUTE
    ../Src/usart.c                           0x00000000   Number         0  usart.o ABSOLUTE
    ../clib/microlib/division.c              0x00000000   Number         0  uidiv.o ABSOLUTE
    ../clib/microlib/division.c              0x00000000   Number         0  uldiv.o ABSOLUTE
    ../clib/microlib/init/entry.s            0x00000000   Number         0  entry5.o ABSOLUTE
    ../clib/microlib/init/entry.s            0x00000000   Number         0  entry10a.o ABSOLUTE
    ../clib/microlib/init/entry.s            0x00000000   Number         0  entry.o ABSOLUTE
    ../clib/microlib/init/entry.s            0x00000000   Number         0  entry7a.o ABSOLUTE
    ../clib/microlib/init/entry.s            0x00000000   Number         0  entry7b.o ABSOLUTE
    ../clib/microlib/init/entry.s            0x00000000   Number         0  entry11a.o ABSOLUTE
    ../clib/microlib/init/entry.s            0x00000000   Number         0  entry10b.o ABSOLUTE
    ../clib/microlib/init/entry.s            0x00000000   Number         0  entry11b.o ABSOLUTE
    ../clib/microlib/init/entry.s            0x00000000   Number         0  entry12a.o ABSOLUTE
    ../clib/microlib/init/entry.s            0x00000000   Number         0  entry12b.o ABSOLUTE
    ../clib/microlib/init/entry.s            0x00000000   Number         0  entry8a.o ABSOLUTE
    ../clib/microlib/init/entry.s            0x00000000   Number         0  entry8b.o ABSOLUTE
    ../clib/microlib/init/entry.s            0x00000000   Number         0  entry9a.o ABSOLUTE
    ../clib/microlib/init/entry.s            0x00000000   Number         0  entry9b.o ABSOLUTE
    ../clib/microlib/init/entry.s            0x00000000   Number         0  entry2.o ABSOLUTE
    ../clib/microlib/longlong.c              0x00000000   Number         0  llmul.o ABSOLUTE
    ../clib/microlib/longlong.c              0x00000000   Number         0  llushr.o ABSOLUTE
    ../clib/microlib/longlong.c              0x00000000   Number         0  llsshr.o ABSOLUTE
    ../clib/microlib/longlong.c              0x00000000   Number         0  llshl.o ABSOLUTE
    ../clib/microlib/string/memcpy.c         0x00000000   Number         0  memcpyb.o ABSOLUTE
    ../clib/microlib/string/memcpy.c         0x00000000   Number         0  memcpya.o ABSOLUTE
    ../clib/microlib/string/memset.c         0x00000000   Number         0  memset.o ABSOLUTE
    ../clib/microlib/string/memset.c         0x00000000   Number         0  memseta.o ABSOLUTE
    ../clib/microlib/string/strlen.c         0x00000000   Number         0  strlen.o ABSOLUTE
    ../clib/microlib/stubs.s                 0x00000000   Number         0  iusefp.o ABSOLUTE
    ../fplib/microlib/d2f.c                  0x00000000   Number         0  d2f.o ABSOLUTE
    ../fplib/microlib/f2d.c                  0x00000000   Number         0  f2d.o ABSOLUTE
    ../fplib/microlib/fpadd.c                0x00000000   Number         0  dadd.o ABSOLUTE
    ../fplib/microlib/fpadd.c                0x00000000   Number         0  fadd.o ABSOLUTE
    ../fplib/microlib/fpdiv.c                0x00000000   Number         0  ddiv.o ABSOLUTE
    ../fplib/microlib/fpdiv.c                0x00000000   Number         0  fdiv.o ABSOLUTE
    ../fplib/microlib/fpepilogue.c           0x00000000   Number         0  depilogue.o ABSOLUTE
    ../fplib/microlib/fpepilogue.c           0x00000000   Number         0  fepilogue.o ABSOLUTE
    ../fplib/microlib/fpflt.c                0x00000000   Number         0  dfltui.o ABSOLUTE
    ../fplib/microlib/fpflt.c                0x00000000   Number         0  ffltui.o ABSOLUTE
    ../fplib/microlib/fpflt.c                0x00000000   Number         0  dfltul.o ABSOLUTE
    ../fplib/microlib/fpmul.c                0x00000000   Number         0  fmul.o ABSOLUTE
    ../fplib/microlib/fpmul.c                0x00000000   Number         0  dmul.o ABSOLUTE
    ..\Drivers\STM32F0xx_HAL_Driver\Src\stm32f0xx_hal.c 0x00000000   Number         0  stm32f0xx_hal.o ABSOLUTE
    ..\Drivers\STM32F0xx_HAL_Driver\Src\stm32f0xx_hal_adc.c 0x00000000   Number         0  stm32f0xx_hal_adc.o ABSOLUTE
    ..\Drivers\STM32F0xx_HAL_Driver\Src\stm32f0xx_hal_adc_ex.c 0x00000000   Number         0  stm32f0xx_hal_adc_ex.o ABSOLUTE
    ..\Drivers\STM32F0xx_HAL_Driver\Src\stm32f0xx_hal_can.c 0x00000000   Number         0  stm32f0xx_hal_can.o ABSOLUTE
    ..\Drivers\STM32F0xx_HAL_Driver\Src\stm32f0xx_hal_cortex.c 0x00000000   Number         0  stm32f0xx_hal_cortex.o ABSOLUTE
    ..\Drivers\STM32F0xx_HAL_Driver\Src\stm32f0xx_hal_dma.c 0x00000000   Number         0  stm32f0xx_hal_dma.o ABSOLUTE
    ..\Drivers\STM32F0xx_HAL_Driver\Src\stm32f0xx_hal_exti.c 0x00000000   Number         0  stm32f0xx_hal_exti.o ABSOLUTE
    ..\Drivers\STM32F0xx_HAL_Driver\Src\stm32f0xx_hal_flash.c 0x00000000   Number         0  stm32f0xx_hal_flash.o ABSOLUTE
    ..\Drivers\STM32F0xx_HAL_Driver\Src\stm32f0xx_hal_flash_ex.c 0x00000000   Number         0  stm32f0xx_hal_flash_ex.o ABSOLUTE
    ..\Drivers\STM32F0xx_HAL_Driver\Src\stm32f0xx_hal_gpio.c 0x00000000   Number         0  stm32f0xx_hal_gpio.o ABSOLUTE
    ..\Drivers\STM32F0xx_HAL_Driver\Src\stm32f0xx_hal_i2c.c 0x00000000   Number         0  stm32f0xx_hal_i2c.o ABSOLUTE
    ..\Drivers\STM32F0xx_HAL_Driver\Src\stm32f0xx_hal_i2c_ex.c 0x00000000   Number         0  stm32f0xx_hal_i2c_ex.o ABSOLUTE
    ..\Drivers\STM32F0xx_HAL_Driver\Src\stm32f0xx_hal_pwr.c 0x00000000   Number         0  stm32f0xx_hal_pwr.o ABSOLUTE
    ..\Drivers\STM32F0xx_HAL_Driver\Src\stm32f0xx_hal_pwr_ex.c 0x00000000   Number         0  stm32f0xx_hal_pwr_ex.o ABSOLUTE
    ..\Drivers\STM32F0xx_HAL_Driver\Src\stm32f0xx_hal_rcc.c 0x00000000   Number         0  stm32f0xx_hal_rcc.o ABSOLUTE
    ..\Drivers\STM32F0xx_HAL_Driver\Src\stm32f0xx_hal_rcc_ex.c 0x00000000   Number         0  stm32f0xx_hal_rcc_ex.o ABSOLUTE
    ..\Drivers\STM32F0xx_HAL_Driver\Src\stm32f0xx_hal_tim.c 0x00000000   Number         0  stm32f0xx_hal_tim.o ABSOLUTE
    ..\Drivers\STM32F0xx_HAL_Driver\Src\stm32f0xx_hal_tim_ex.c 0x00000000   Number         0  stm32f0xx_hal_tim_ex.o ABSOLUTE
    ..\Drivers\STM32F0xx_HAL_Driver\Src\stm32f0xx_hal_uart.c 0x00000000   Number         0  stm32f0xx_hal_uart.o ABSOLUTE
    ..\Drivers\STM32F0xx_HAL_Driver\Src\stm32f0xx_hal_uart_ex.c 0x00000000   Number         0  stm32f0xx_hal_uart_ex.o ABSOLUTE
    ..\Middlewares\Third_Party\FreeRTOS\Source\CMSIS_RTOS\cmsis_os.c 0x00000000   Number         0  cmsis_os.o ABSOLUTE
    ..\Middlewares\Third_Party\FreeRTOS\Source\portable\RVDS\ARM_CM0\port.c 0x00000000   Number         0  port.o ABSOLUTE
    ..\Src\adc.c                             0x00000000   Number         0  adc.o ABSOLUTE
    ..\Src\can.c                             0x00000000   Number         0  can.o ABSOLUTE
    ..\Src\dma.c                             0x00000000   Number         0  dma.o ABSOLUTE
    ..\Src\freertos.c                        0x00000000   Number         0  freertos.o ABSOLUTE
    ..\Src\gpio.c                            0x00000000   Number         0  gpio.o ABSOLUTE
    ..\Src\main.c                            0x00000000   Number         0  main.o ABSOLUTE
    ..\Src\stm32f0xx_hal_msp.c               0x00000000   Number         0  stm32f0xx_hal_msp.o ABSOLUTE
    ..\Src\stm32f0xx_hal_timebase_tim.c      0x00000000   Number         0  stm32f0xx_hal_timebase_tim.o ABSOLUTE
    ..\Src\stm32f0xx_it.c                    0x00000000   Number         0  stm32f0xx_it.o ABSOLUTE
    ..\Src\system_stm32f0xx.c                0x00000000   Number         0  system_stm32f0xx.o ABSOLUTE
    ..\Src\tim.c                             0x00000000   Number         0  tim.o ABSOLUTE
    ..\Src\usart.c                           0x00000000   Number         0  usart.o ABSOLUTE
    dc.s                                     0x00000000   Number         0  dc.o ABSOLUTE
    handlers.s                               0x00000000   Number         0  handlers.o ABSOLUTE
    init.s                                   0x00000000   Number         0  init.o ABSOLUTE
    startup_stm32f042x6.s                    0x00000000   Number         0  startup_stm32f042x6.o ABSOLUTE
    RESET                                    0x08000000   Section      192  startup_stm32f042x6.o(RESET)
    .ARM.Collect$$$$00000000                 0x080000c0   Section        0  entry.o(.ARM.Collect$$$$00000000)
    .ARM.Collect$$$$00000001                 0x080000c0   Section        4  entry2.o(.ARM.Collect$$$$00000001)
    .ARM.Collect$$$$00000004                 0x080000c4   Section        4  entry5.o(.ARM.Collect$$$$00000004)
    .ARM.Collect$$$$00000008                 0x080000c8   Section        0  entry7b.o(.ARM.Collect$$$$00000008)
    .ARM.Collect$$$$0000000A                 0x080000c8   Section        0  entry8b.o(.ARM.Collect$$$$0000000A)
    .ARM.Collect$$$$0000000B                 0x080000c8   Section        8  entry9a.o(.ARM.Collect$$$$0000000B)
    .ARM.Collect$$$$0000000E                 0x080000d0   Section        4  entry12b.o(.ARM.Collect$$$$0000000E)
    .ARM.Collect$$$$0000000F                 0x080000d4   Section        0  entry10a.o(.ARM.Collect$$$$0000000F)
    .ARM.Collect$$$$00000011                 0x080000d4   Section        0  entry11a.o(.ARM.Collect$$$$00000011)
    .ARM.Collect$$$$00002712                 0x080000d4   Section        4  entry2.o(.ARM.Collect$$$$00002712)
    __lit__00000000                          0x080000d4   Data           4  entry2.o(.ARM.Collect$$$$00002712)
    .emb_text                                0x080000d8   Section      120  port.o(.emb_text)
    .text                                    0x08000150   Section       88  startup_stm32f042x6.o(.text)
    .text                                    0x080001a8   Section        0  uidiv.o(.text)
    .text                                    0x080001d4   Section        0  uldiv.o(.text)
    .text                                    0x08000234   Section        0  llmul.o(.text)
    .text                                    0x080002ae   Section        0  llushr.o(.text)
    .text                                    0x080002d0   Section        0  memcpya.o(.text)
    .text                                    0x080002f4   Section        0  memseta.o(.text)
    .text                                    0x08000318   Section        0  fadd.o(.text)
    .text                                    0x080003ca   Section        0  fmul.o(.text)
    .text                                    0x08000444   Section        0  fdiv.o(.text)
    .text                                    0x080004c0   Section        0  dadd.o(.text)
    .text                                    0x08000628   Section        0  dmul.o(.text)
    .text                                    0x080006f8   Section        0  ddiv.o(.text)
    .text                                    0x080007e8   Section        0  ffltui.o(.text)
    .text                                    0x080007f8   Section        0  dfltui.o(.text)
    .text                                    0x08000814   Section        0  dfltul.o(.text)
    .text                                    0x08000830   Section        0  f2d.o(.text)
    .text                                    0x08000858   Section        0  d2f.o(.text)
    .text                                    0x08000890   Section        0  llshl.o(.text)
    .text                                    0x080008b0   Section        0  llsshr.o(.text)
    .text                                    0x080008d6   Section        0  iusefp.o(.text)
    .text                                    0x080008d6   Section        0  fepilogue.o(.text)
    .text                                    0x08000958   Section        0  depilogue.o(.text)
    .text                                    0x08000a18   Section       36  init.o(.text)
    i.ADC_DMAConvCplt                        0x08000a3c   Section        0  stm32f0xx_hal_adc.o(i.ADC_DMAConvCplt)
    ADC_DMAConvCplt                          0x08000a3d   Thumb Code   108  stm32f0xx_hal_adc.o(i.ADC_DMAConvCplt)
    i.ADC_DMAError                           0x08000aa8   Section        0  stm32f0xx_hal_adc.o(i.ADC_DMAError)
    ADC_DMAError                             0x08000aa9   Thumb Code    26  stm32f0xx_hal_adc.o(i.ADC_DMAError)
    i.ADC_DMAHalfConvCplt                    0x08000ac2   Section        0  stm32f0xx_hal_adc.o(i.ADC_DMAHalfConvCplt)
    ADC_DMAHalfConvCplt                      0x08000ac3   Thumb Code    10  stm32f0xx_hal_adc.o(i.ADC_DMAHalfConvCplt)
    i.ADC_Enable                             0x08000acc   Section        0  stm32f0xx_hal_adc.o(i.ADC_Enable)
    ADC_Enable                               0x08000acd   Thumb Code   120  stm32f0xx_hal_adc.o(i.ADC_Enable)
    i.DMA1_Channel1_IRQHandler               0x08000b50   Section        0  stm32f0xx_it.o(i.DMA1_Channel1_IRQHandler)
    i.DMA1_Channel2_3_IRQHandler             0x08000b60   Section        0  stm32f0xx_it.o(i.DMA1_Channel2_3_IRQHandler)
    i.DMA1_Channel4_5_IRQHandler             0x08000b78   Section        0  stm32f0xx_it.o(i.DMA1_Channel4_5_IRQHandler)
    i.DMA_CalcBaseAndBitshift                0x08000b90   Section        0  stm32f0xx_hal_dma.o(i.DMA_CalcBaseAndBitshift)
    DMA_CalcBaseAndBitshift                  0x08000b91   Thumb Code    26  stm32f0xx_hal_dma.o(i.DMA_CalcBaseAndBitshift)
    i.DMA_SetConfig                          0x08000bb4   Section        0  stm32f0xx_hal_dma.o(i.DMA_SetConfig)
    DMA_SetConfig                            0x08000bb5   Thumb Code    40  stm32f0xx_hal_dma.o(i.DMA_SetConfig)
    i.Error_Handler                          0x08000bdc   Section        0  main.o(i.Error_Handler)
    i.HAL_ADC_ConfigChannel                  0x08000bf8   Section        0  stm32f0xx_hal_adc.o(i.HAL_ADC_ConfigChannel)
    i.HAL_ADC_ConvCpltCallback               0x08000d24   Section        0  stm32f0xx_hal_adc.o(i.HAL_ADC_ConvCpltCallback)
    i.HAL_ADC_ConvHalfCpltCallback           0x08000d26   Section        0  stm32f0xx_hal_adc.o(i.HAL_ADC_ConvHalfCpltCallback)
    i.HAL_ADC_ErrorCallback                  0x08000d28   Section        0  stm32f0xx_hal_adc.o(i.HAL_ADC_ErrorCallback)
    i.HAL_ADC_Init                           0x08000d2c   Section        0  stm32f0xx_hal_adc.o(i.HAL_ADC_Init)
    i.HAL_ADC_MspInit                        0x08000ea4   Section        0  adc.o(i.HAL_ADC_MspInit)
    i.HAL_ADC_Start_DMA                      0x08000f30   Section        0  stm32f0xx_hal_adc.o(i.HAL_ADC_Start_DMA)
    i.HAL_CAN_Init                           0x08000fd0   Section        0  stm32f0xx_hal_can.o(i.HAL_CAN_Init)
    i.HAL_CAN_MspInit                        0x080010e0   Section        0  can.o(i.HAL_CAN_MspInit)
    i.HAL_DMA_Abort_IT                       0x08001144   Section        0  stm32f0xx_hal_dma.o(i.HAL_DMA_Abort_IT)
    i.HAL_DMA_IRQHandler                     0x0800118c   Section        0  stm32f0xx_hal_dma.o(i.HAL_DMA_IRQHandler)
    i.HAL_DMA_Init                           0x08001228   Section        0  stm32f0xx_hal_dma.o(i.HAL_DMA_Init)
    i.HAL_DMA_Start_IT                       0x0800127c   Section        0  stm32f0xx_hal_dma.o(i.HAL_DMA_Start_IT)
    i.HAL_GPIO_Init                          0x080012e8   Section        0  stm32f0xx_hal_gpio.o(i.HAL_GPIO_Init)
    i.HAL_GPIO_WritePin                      0x0800144c   Section        0  stm32f0xx_hal_gpio.o(i.HAL_GPIO_WritePin)
    i.HAL_GetTick                            0x08001458   Section        0  stm32f0xx_hal.o(i.HAL_GetTick)
    i.HAL_IncTick                            0x08001464   Section        0  stm32f0xx_hal.o(i.HAL_IncTick)
    i.HAL_Init                               0x08001474   Section        0  stm32f0xx_hal.o(i.HAL_Init)
    i.HAL_InitTick                           0x08001494   Section        0  stm32f0xx_hal_timebase_tim.o(i.HAL_InitTick)
    i.HAL_MspInit                            0x0800150c   Section        0  stm32f0xx_hal_msp.o(i.HAL_MspInit)
    i.HAL_NVIC_EnableIRQ                     0x08001534   Section        0  stm32f0xx_hal_cortex.o(i.HAL_NVIC_EnableIRQ)
    i.HAL_NVIC_SetPriority                   0x0800154c   Section        0  stm32f0xx_hal_cortex.o(i.HAL_NVIC_SetPriority)
    i.HAL_RCCEx_PeriphCLKConfig              0x08001554   Section        0  stm32f0xx_hal_rcc_ex.o(i.HAL_RCCEx_PeriphCLKConfig)
    i.HAL_RCC_ClockConfig                    0x08001660   Section        0  stm32f0xx_hal_rcc.o(i.HAL_RCC_ClockConfig)
    i.HAL_RCC_GetClockConfig                 0x08001774   Section        0  stm32f0xx_hal_rcc.o(i.HAL_RCC_GetClockConfig)
    i.HAL_RCC_GetPCLK1Freq                   0x080017ac   Section        0  stm32f0xx_hal_rcc.o(i.HAL_RCC_GetPCLK1Freq)
    i.HAL_RCC_GetSysClockFreq                0x080017cc   Section        0  stm32f0xx_hal_rcc.o(i.HAL_RCC_GetSysClockFreq)
    i.HAL_RCC_OscConfig                      0x08001860   Section        0  stm32f0xx_hal_rcc.o(i.HAL_RCC_OscConfig)
    i.HAL_TIMEx_BreakCallback                0x08001c64   Section        0  stm32f0xx_hal_tim_ex.o(i.HAL_TIMEx_BreakCallback)
    i.HAL_TIMEx_CommutCallback               0x08001c66   Section        0  stm32f0xx_hal_tim_ex.o(i.HAL_TIMEx_CommutCallback)
    i.HAL_TIMEx_MasterConfigSynchronization  0x08001c68   Section        0  stm32f0xx_hal_tim_ex.o(i.HAL_TIMEx_MasterConfigSynchronization)
    i.HAL_TIM_Base_Init                      0x08001cc0   Section        0  stm32f0xx_hal_tim.o(i.HAL_TIM_Base_Init)
    i.HAL_TIM_Base_MspInit                   0x08001cf4   Section        0  tim.o(i.HAL_TIM_Base_MspInit)
    i.HAL_TIM_Base_Start_IT                  0x08001d44   Section        0  stm32f0xx_hal_tim.o(i.HAL_TIM_Base_Start_IT)
    i.HAL_TIM_ConfigClockSource              0x08001d64   Section        0  stm32f0xx_hal_tim.o(i.HAL_TIM_ConfigClockSource)
    i.HAL_TIM_IC_CaptureCallback             0x08001e34   Section        0  stm32f0xx_hal_tim.o(i.HAL_TIM_IC_CaptureCallback)
    i.HAL_TIM_IRQHandler                     0x08001e36   Section        0  stm32f0xx_hal_tim.o(i.HAL_TIM_IRQHandler)
    i.HAL_TIM_MspPostInit                    0x08001f98   Section        0  tim.o(i.HAL_TIM_MspPostInit)
    i.HAL_TIM_OC_DelayElapsedCallback        0x08001fe8   Section        0  stm32f0xx_hal_tim.o(i.HAL_TIM_OC_DelayElapsedCallback)
    i.HAL_TIM_PWM_ConfigChannel              0x08001fea   Section        0  stm32f0xx_hal_tim.o(i.HAL_TIM_PWM_ConfigChannel)
    i.HAL_TIM_PWM_Init                       0x080020ba   Section        0  stm32f0xx_hal_tim.o(i.HAL_TIM_PWM_Init)
    i.HAL_TIM_PWM_MspInit                    0x080020ee   Section        0  stm32f0xx_hal_tim.o(i.HAL_TIM_PWM_MspInit)
    i.HAL_TIM_PWM_PulseFinishedCallback      0x080020f0   Section        0  stm32f0xx_hal_tim.o(i.HAL_TIM_PWM_PulseFinishedCallback)
    i.HAL_TIM_PWM_Start                      0x080020f4   Section        0  stm32f0xx_hal_tim.o(i.HAL_TIM_PWM_Start)
    i.HAL_TIM_PWM_Stop                       0x08002144   Section        0  stm32f0xx_hal_tim.o(i.HAL_TIM_PWM_Stop)
    i.HAL_TIM_PeriodElapsedCallback          0x080021b0   Section        0  tim.o(i.HAL_TIM_PeriodElapsedCallback)
    i.HAL_TIM_TriggerCallback                0x080021e8   Section        0  stm32f0xx_hal_tim.o(i.HAL_TIM_TriggerCallback)
    i.HAL_UARTEx_WakeupCallback              0x080021ea   Section        0  stm32f0xx_hal_uart_ex.o(i.HAL_UARTEx_WakeupCallback)
    i.HAL_UART_ErrorCallback                 0x080021ec   Section        0  stm32f0xx_hal_uart.o(i.HAL_UART_ErrorCallback)
    i.HAL_UART_IRQHandler                    0x080021f0   Section        0  stm32f0xx_hal_uart.o(i.HAL_UART_IRQHandler)
    i.HAL_UART_Init                          0x08002350   Section        0  stm32f0xx_hal_uart.o(i.HAL_UART_Init)
    i.HAL_UART_MspInit                       0x080023bc   Section        0  usart.o(i.HAL_UART_MspInit)
    i.HAL_UART_TxCpltCallback                0x08002530   Section        0  stm32f0xx_hal_uart.o(i.HAL_UART_TxCpltCallback)
    i.HardFault_Handler                      0x08002532   Section        0  stm32f0xx_it.o(i.HardFault_Handler)
    i.MX_ADC_Init                            0x08002534   Section        0  adc.o(i.MX_ADC_Init)
    i.MX_CAN_Init                            0x080025c4   Section        0  can.o(i.MX_CAN_Init)
    i.MX_DMA_Init                            0x08002604   Section        0  dma.o(i.MX_DMA_Init)
    i.MX_FREERTOS_Init                       0x0800264c   Section        0  freertos.o(i.MX_FREERTOS_Init)
    i.MX_GPIO_Init                           0x08002688   Section        0  gpio.o(i.MX_GPIO_Init)
    i.MX_TIM17_Init                          0x08002740   Section        0  tim.o(i.MX_TIM17_Init)
    i.MX_TIM3_Init                           0x08002774   Section        0  tim.o(i.MX_TIM3_Init)
    i.MX_USART1_UART_Init                    0x08002818   Section        0  usart.o(i.MX_USART1_UART_Init)
    i.MX_USART2_UART_Init                    0x08002850   Section        0  usart.o(i.MX_USART2_UART_Init)
    i.NMI_Handler                            0x08002888   Section        0  stm32f0xx_it.o(i.NMI_Handler)
    i.Pwm_Start                              0x0800288c   Section        0  tim.o(i.Pwm_Start)
    i.Pwm_Stop                               0x0800289c   Section        0  tim.o(i.Pwm_Stop)
    i.SVC_Handler                            0x080028ac   Section        0  port.o(i.SVC_Handler)
    i.StartLED                               0x080028b0   Section        0  freertos.o(i.StartLED)
    i.SysTick_Handler                        0x0800294c   Section        0  port.o(i.SysTick_Handler)
    i.SystemClock_Config                     0x08002970   Section        0  main.o(i.SystemClock_Config)
    i.SystemInit                             0x080029e0   Section        0  system_stm32f0xx.o(i.SystemInit)
    i.TIM17_IRQHandler                       0x080029e4   Section        0  stm32f0xx_it.o(i.TIM17_IRQHandler)
    i.TIM1_BRK_UP_TRG_COM_IRQHandler         0x080029f4   Section        0  stm32f0xx_it.o(i.TIM1_BRK_UP_TRG_COM_IRQHandler)
    i.TIM_Base_SetConfig                     0x08002a04   Section        0  stm32f0xx_hal_tim.o(i.TIM_Base_SetConfig)
    i.TIM_CCxChannelCmd                      0x08002a88   Section        0  stm32f0xx_hal_tim.o(i.TIM_CCxChannelCmd)
    i.TIM_ETR_SetConfig                      0x08002aa2   Section        0  stm32f0xx_hal_tim.o(i.TIM_ETR_SetConfig)
    i.TIM_ITRx_SetConfig                     0x08002ab8   Section        0  stm32f0xx_hal_tim.o(i.TIM_ITRx_SetConfig)
    TIM_ITRx_SetConfig                       0x08002ab9   Thumb Code    16  stm32f0xx_hal_tim.o(i.TIM_ITRx_SetConfig)
    i.TIM_OC1_SetConfig                      0x08002ac8   Section        0  stm32f0xx_hal_tim.o(i.TIM_OC1_SetConfig)
    TIM_OC1_SetConfig                        0x08002ac9   Thumb Code   108  stm32f0xx_hal_tim.o(i.TIM_OC1_SetConfig)
    i.TIM_OC2_SetConfig                      0x08002b40   Section        0  stm32f0xx_hal_tim.o(i.TIM_OC2_SetConfig)
    i.TIM_OC3_SetConfig                      0x08002bb4   Section        0  stm32f0xx_hal_tim.o(i.TIM_OC3_SetConfig)
    TIM_OC3_SetConfig                        0x08002bb5   Thumb Code   106  stm32f0xx_hal_tim.o(i.TIM_OC3_SetConfig)
    i.TIM_OC4_SetConfig                      0x08002c2c   Section        0  stm32f0xx_hal_tim.o(i.TIM_OC4_SetConfig)
    TIM_OC4_SetConfig                        0x08002c2d   Thumb Code    84  stm32f0xx_hal_tim.o(i.TIM_OC4_SetConfig)
    i.TIM_TI1_ConfigInputStage               0x08002c8c   Section        0  stm32f0xx_hal_tim.o(i.TIM_TI1_ConfigInputStage)
    TIM_TI1_ConfigInputStage                 0x08002c8d   Thumb Code    34  stm32f0xx_hal_tim.o(i.TIM_TI1_ConfigInputStage)
    i.TIM_TI2_ConfigInputStage               0x08002cae   Section        0  stm32f0xx_hal_tim.o(i.TIM_TI2_ConfigInputStage)
    TIM_TI2_ConfigInputStage                 0x08002caf   Thumb Code    38  stm32f0xx_hal_tim.o(i.TIM_TI2_ConfigInputStage)
    i.UART_AdvFeatureConfig                  0x08002cd4   Section        0  stm32f0xx_hal_uart.o(i.UART_AdvFeatureConfig)
    i.UART_CheckIdleState                    0x08002da0   Section        0  stm32f0xx_hal_uart.o(i.UART_CheckIdleState)
    i.UART_DMAAbortOnError                   0x08002e00   Section        0  stm32f0xx_hal_uart.o(i.UART_DMAAbortOnError)
    UART_DMAAbortOnError                     0x08002e01   Thumb Code    20  stm32f0xx_hal_uart.o(i.UART_DMAAbortOnError)
    i.UART_EndRxTransfer                     0x08002e14   Section        0  stm32f0xx_hal_uart.o(i.UART_EndRxTransfer)
    UART_EndRxTransfer                       0x08002e15   Thumb Code    32  stm32f0xx_hal_uart.o(i.UART_EndRxTransfer)
    i.UART_SetConfig                         0x08002e34   Section        0  stm32f0xx_hal_uart.o(i.UART_SetConfig)
    i.UART_WaitOnFlagUntilTimeout            0x08002f7c   Section        0  stm32f0xx_hal_uart.o(i.UART_WaitOnFlagUntilTimeout)
    i.USART1_IRQHandler                      0x08003018   Section        0  stm32f0xx_it.o(i.USART1_IRQHandler)
    i.USART2_IRQHandler                      0x08003028   Section        0  stm32f0xx_it.o(i.USART2_IRQHandler)
    i.Ultrasonic_Calculate                   0x08003038   Section        0  freertos.o(i.Ultrasonic_Calculate)
    i.__ARM_clz                              0x080030f0   Section        0  depilogue.o(i.__ARM_clz)
    i.__ARM_common_ll_muluu                  0x0800311e   Section        0  stm32f0xx_hal_rcc.o(i.__ARM_common_ll_muluu)
    i.__NVIC_SetPriority                     0x08003150   Section        0  stm32f0xx_hal_cortex.o(i.__NVIC_SetPriority)
    __NVIC_SetPriority                       0x08003151   Thumb Code    60  stm32f0xx_hal_cortex.o(i.__NVIC_SetPriority)
    i.__scatterload_copy                     0x08003194   Section       14  handlers.o(i.__scatterload_copy)
    i.__scatterload_null                     0x080031a2   Section        2  handlers.o(i.__scatterload_null)
    i.__scatterload_zeroinit                 0x080031a4   Section       14  handlers.o(i.__scatterload_zeroinit)
    i.delay_us                               0x080031b2   Section        0  tim.o(i.delay_us)
    i.main                                   0x080031cc   Section        0  main.o(i.main)
    i.makeFreeRtosPriority                   0x0800321c   Section        0  cmsis_os.o(i.makeFreeRtosPriority)
    makeFreeRtosPriority                     0x0800321d   Thumb Code    12  cmsis_os.o(i.makeFreeRtosPriority)
    i.map                                    0x08003228   Section        0  freertos.o(i.map)
    i.micros                                 0x08003264   Section        0  tim.o(i.micros)
    i.osDelay                                0x0800328c   Section        0  cmsis_os.o(i.osDelay)
    i.osKernelStart                          0x0800329c   Section        0  cmsis_os.o(i.osKernelStart)
    i.osThreadCreate                         0x080032a6   Section        0  cmsis_os.o(i.osThreadCreate)
    i.prvAddCurrentTaskToDelayedList         0x08003300   Section        0  tasks.o(i.prvAddCurrentTaskToDelayedList)
    prvAddCurrentTaskToDelayedList           0x08003301   Thumb Code    78  tasks.o(i.prvAddCurrentTaskToDelayedList)
    i.prvAddNewTaskToReadyList               0x08003358   Section        0  tasks.o(i.prvAddNewTaskToReadyList)
    prvAddNewTaskToReadyList                 0x08003359   Thumb Code   176  tasks.o(i.prvAddNewTaskToReadyList)
    i.prvDeleteTCB                           0x08003410   Section        0  tasks.o(i.prvDeleteTCB)
    prvDeleteTCB                             0x08003411   Thumb Code    38  tasks.o(i.prvDeleteTCB)
    i.prvHeapInit                            0x08003438   Section        0  heap_4.o(i.prvHeapInit)
    prvHeapInit                              0x08003439   Thumb Code    60  heap_4.o(i.prvHeapInit)
    i.prvIdleTask                            0x0800347c   Section        0  tasks.o(i.prvIdleTask)
    prvIdleTask                              0x0800347d   Thumb Code    64  tasks.o(i.prvIdleTask)
    i.prvInitialiseNewTask                   0x080034c4   Section        0  tasks.o(i.prvInitialiseNewTask)
    prvInitialiseNewTask                     0x080034c5   Thumb Code   124  tasks.o(i.prvInitialiseNewTask)
    i.prvInsertBlockIntoFreeList             0x08003540   Section        0  heap_4.o(i.prvInsertBlockIntoFreeList)
    prvInsertBlockIntoFreeList               0x08003541   Thumb Code    72  heap_4.o(i.prvInsertBlockIntoFreeList)
    i.prvResetNextTaskUnblockTime            0x0800358c   Section        0  tasks.o(i.prvResetNextTaskUnblockTime)
    prvResetNextTaskUnblockTime              0x0800358d   Thumb Code    28  tasks.o(i.prvResetNextTaskUnblockTime)
    i.prvTaskExitError                       0x080035ac   Section        0  port.o(i.prvTaskExitError)
    prvTaskExitError                         0x080035ad   Thumb Code    14  port.o(i.prvTaskExitError)
    i.pvPortMalloc                           0x080035c0   Section        0  heap_4.o(i.pvPortMalloc)
    i.pxPortInitialiseStack                  0x08003670   Section        0  port.o(i.pxPortInitialiseStack)
    i.uxListRemove                           0x08003690   Section        0  list.o(i.uxListRemove)
    i.vApplicationGetIdleTaskMemory          0x080036b8   Section        0  freertos.o(i.vApplicationGetIdleTaskMemory)
    i.vListInitialise                        0x080036cc   Section        0  list.o(i.vListInitialise)
    i.vListInitialiseItem                    0x080036e2   Section        0  list.o(i.vListInitialiseItem)
    i.vListInsert                            0x080036e8   Section        0  list.o(i.vListInsert)
    i.vListInsertEnd                         0x08003718   Section        0  list.o(i.vListInsertEnd)
    i.vPortEnterCritical                     0x08003730   Section        0  port.o(i.vPortEnterCritical)
    i.vPortExitCritical                      0x08003748   Section        0  port.o(i.vPortExitCritical)
    i.vPortFree                              0x08003764   Section        0  heap_4.o(i.vPortFree)
    i.vPortYield                             0x080037a8   Section        0  port.o(i.vPortYield)
    i.vTaskDelay                             0x080037c0   Section        0  tasks.o(i.vTaskDelay)
    i.vTaskStartScheduler                    0x080037f0   Section        0  tasks.o(i.vTaskStartScheduler)
    i.vTaskSuspendAll                        0x08003848   Section        0  tasks.o(i.vTaskSuspendAll)
    i.vTaskSwitchContext                     0x08003858   Section        0  tasks.o(i.vTaskSwitchContext)
    i.xPortStartScheduler                    0x080038b0   Section        0  port.o(i.xPortStartScheduler)
    i.xTaskCreate                            0x08003900   Section        0  tasks.o(i.xTaskCreate)
    i.xTaskCreateStatic                      0x08003952   Section        0  tasks.o(i.xTaskCreateStatic)
    i.xTaskIncrementTick                     0x08003998   Section        0  tasks.o(i.xTaskIncrementTick)
    i.xTaskResumeAll                         0x08003a54   Section        0  tasks.o(i.xTaskResumeAll)
    .constdata                               0x08003b00   Section       56  freertos.o(.constdata)
    .constdata                               0x08003b38   Section       16  system_stm32f0xx.o(.constdata)
    .constdata                               0x08003b48   Section        8  system_stm32f0xx.o(.constdata)
    .conststring                             0x08003b50   Section       11  freertos.o(.conststring)
    .data                                    0x20000000   Section       40  freertos.o(.data)
    .data                                    0x20000028   Section        8  tim.o(.data)
    .data                                    0x20000030   Section       12  stm32f0xx_hal.o(.data)
    .data                                    0x2000003c   Section        4  system_stm32f0xx.o(.data)
    .data                                    0x20000040   Section       60  tasks.o(.data)
    pxDelayedTaskList                        0x20000044   Data           4  tasks.o(.data)
    pxOverflowDelayedTaskList                0x20000048   Data           4  tasks.o(.data)
    uxDeletedTasksWaitingCleanUp             0x2000004c   Data           4  tasks.o(.data)
    uxCurrentNumberOfTasks                   0x20000050   Data           4  tasks.o(.data)
    xTickCount                               0x20000054   Data           4  tasks.o(.data)
    uxTopReadyPriority                       0x20000058   Data           4  tasks.o(.data)
    xSchedulerRunning                        0x2000005c   Data           4  tasks.o(.data)
    uxPendedTicks                            0x20000060   Data           4  tasks.o(.data)
    xYieldPending                            0x20000064   Data           4  tasks.o(.data)
    xNumOfOverflows                          0x20000068   Data           4  tasks.o(.data)
    uxTaskNumber                             0x2000006c   Data           4  tasks.o(.data)
    xNextTaskUnblockTime                     0x20000070   Data           4  tasks.o(.data)
    xIdleTaskHandle                          0x20000074   Data           4  tasks.o(.data)
    uxSchedulerSuspended                     0x20000078   Data           4  tasks.o(.data)
    .data                                    0x2000007c   Section       24  heap_4.o(.data)
    pxEnd                                    0x2000007c   Data           4  heap_4.o(.data)
    xFreeBytesRemaining                      0x20000080   Data           4  heap_4.o(.data)
    xMinimumEverFreeBytesRemaining           0x20000084   Data           4  heap_4.o(.data)
    xBlockAllocatedBit                       0x20000088   Data           4  heap_4.o(.data)
    xStart                                   0x2000008c   Data           8  heap_4.o(.data)
    .data                                    0x20000094   Section        4  port.o(.data)
    uxCriticalNesting                        0x20000094   Data           4  port.o(.data)
    .bss                                     0x20000098   Section       12  main.o(.bss)
    .bss                                     0x200000a4   Section      596  freertos.o(.bss)
    xIdleTaskTCBBuffer                       0x200000a4   Data          84  freertos.o(.bss)
    xIdleStack                               0x200000f8   Data         512  freertos.o(.bss)
    .bss                                     0x200002f8   Section      132  adc.o(.bss)
    .bss                                     0x2000037c   Section      108  can.o(.bss)
    .bss                                     0x200003e8   Section      128  tim.o(.bss)
    .bss                                     0x20000468   Section      528  usart.o(.bss)
    .bss                                     0x20000678   Section       64  stm32f0xx_hal_timebase_tim.o(.bss)
    .bss                                     0x200006b8   Section      240  tasks.o(.bss)
    pxReadyTasksLists                        0x200006b8   Data         140  tasks.o(.bss)
    xDelayedTaskList1                        0x20000744   Data          20  tasks.o(.bss)
    xDelayedTaskList2                        0x20000758   Data          20  tasks.o(.bss)
    xPendingReadyList                        0x2000076c   Data          20  tasks.o(.bss)
    xTasksWaitingTermination                 0x20000780   Data          20  tasks.o(.bss)
    xSuspendedTaskList                       0x20000794   Data          20  tasks.o(.bss)
    .bss                                     0x200007a8   Section     3072  heap_4.o(.bss)
    ucHeap                                   0x200007a8   Data        3072  heap_4.o(.bss)
    STACK                                    0x200013a8   Section     1024  startup_stm32f042x6.o(STACK)

    Global Symbols

    Symbol Name                              Value     Ov Type        Size  Object(Section)

    BuildAttributes$$THM_ISAv3M$S$PE$A:L22$X:L11$S22$IEEE1$IW$USESV6$~STKCKD$USESV7$~SHL$OTIME$ROPI$EBA8$MICROLIB$REQ8$PRES8$EABIv2 0x00000000   Number         0  anon$$obj.o ABSOLUTE
    __ARM_use_no_argv                        0x00000000   Number         0  main.o ABSOLUTE
    __arm_fini_                               - Undefined Weak Reference
    __cpp_initialize__aeabi_                  - Undefined Weak Reference
    __cxa_finalize                            - Undefined Weak Reference
    __decompress                              - Undefined Weak Reference
    _clock_init                               - Undefined Weak Reference
    _microlib_exit                            - Undefined Weak Reference
    __Vectors_Size                           0x000000c0   Number         0  startup_stm32f042x6.o ABSOLUTE
    __Vectors                                0x08000000   Data           4  startup_stm32f042x6.o(RESET)
    __Vectors_End                            0x080000c0   Data           0  startup_stm32f042x6.o(RESET)
    __main                                   0x080000c1   Thumb Code     0  entry.o(.ARM.Collect$$$$00000000)
    _main_stk                                0x080000c1   Thumb Code     0  entry2.o(.ARM.Collect$$$$00000001)
    _main_scatterload                        0x080000c5   Thumb Code     0  entry5.o(.ARM.Collect$$$$00000004)
    __main_after_scatterload                 0x080000c9   Thumb Code     0  entry5.o(.ARM.Collect$$$$00000004)
    _main_clock                              0x080000c9   Thumb Code     0  entry7b.o(.ARM.Collect$$$$00000008)
    _main_cpp_init                           0x080000c9   Thumb Code     0  entry8b.o(.ARM.Collect$$$$0000000A)
    _main_init                               0x080000c9   Thumb Code     0  entry9a.o(.ARM.Collect$$$$0000000B)
    __rt_lib_shutdown_fini                   0x080000d1   Thumb Code     0  entry12b.o(.ARM.Collect$$$$0000000E)
    __rt_final_cpp                           0x080000d5   Thumb Code     0  entry10a.o(.ARM.Collect$$$$0000000F)
    __rt_final_exit                          0x080000d5   Thumb Code     0  entry11a.o(.ARM.Collect$$$$00000011)
    __asm___6_port_c_39a90d8d__prvPortStartFirstTask 0x080000d9   Thumb Code    36  port.o(.emb_text)
    ulSetInterruptMaskFromISR                0x08000101   Thumb Code     8  port.o(.emb_text)
    vClearInterruptMaskFromISR               0x08000109   Thumb Code     6  port.o(.emb_text)
    PendSV_Handler                           0x0800010f   Thumb Code    62  port.o(.emb_text)
    Reset_Handler                            0x08000151   Thumb Code    38  startup_stm32f042x6.o(.text)
    ADC1_IRQHandler                          0x08000181   Thumb Code     0  startup_stm32f042x6.o(.text)
    CEC_CAN_IRQHandler                       0x08000181   Thumb Code     0  startup_stm32f042x6.o(.text)
    EXTI0_1_IRQHandler                       0x08000181   Thumb Code     0  startup_stm32f042x6.o(.text)
    EXTI2_3_IRQHandler                       0x08000181   Thumb Code     0  startup_stm32f042x6.o(.text)
    EXTI4_15_IRQHandler                      0x08000181   Thumb Code     0  startup_stm32f042x6.o(.text)
    FLASH_IRQHandler                         0x08000181   Thumb Code     0  startup_stm32f042x6.o(.text)
    I2C1_IRQHandler                          0x08000181   Thumb Code     0  startup_stm32f042x6.o(.text)
    PVD_VDDIO2_IRQHandler                    0x08000181   Thumb Code     0  startup_stm32f042x6.o(.text)
    RCC_CRS_IRQHandler                       0x08000181   Thumb Code     0  startup_stm32f042x6.o(.text)
    RTC_IRQHandler                           0x08000181   Thumb Code     0  startup_stm32f042x6.o(.text)
    SPI1_IRQHandler                          0x08000181   Thumb Code     0  startup_stm32f042x6.o(.text)
    SPI2_IRQHandler                          0x08000181   Thumb Code     0  startup_stm32f042x6.o(.text)
    TIM14_IRQHandler                         0x08000181   Thumb Code     0  startup_stm32f042x6.o(.text)
    TIM16_IRQHandler                         0x08000181   Thumb Code     0  startup_stm32f042x6.o(.text)
    TIM1_CC_IRQHandler                       0x08000181   Thumb Code     0  startup_stm32f042x6.o(.text)
    TIM2_IRQHandler                          0x08000181   Thumb Code     0  startup_stm32f042x6.o(.text)
    TIM3_IRQHandler                          0x08000181   Thumb Code     0  startup_stm32f042x6.o(.text)
    TSC_IRQHandler                           0x08000181   Thumb Code     0  startup_stm32f042x6.o(.text)
    USB_IRQHandler                           0x08000181   Thumb Code     0  startup_stm32f042x6.o(.text)
    WWDG_IRQHandler                          0x08000181   Thumb Code     0  startup_stm32f042x6.o(.text)
    __aeabi_uidiv                            0x080001a9   Thumb Code     0  uidiv.o(.text)
    __aeabi_uidivmod                         0x080001a9   Thumb Code    44  uidiv.o(.text)
    __aeabi_uldivmod                         0x080001d5   Thumb Code    96  uldiv.o(.text)
    __aeabi_lmul                             0x08000235   Thumb Code   122  llmul.o(.text)
    _ll_mul                                  0x08000235   Thumb Code     0  llmul.o(.text)
    __aeabi_llsr                             0x080002af   Thumb Code    34  llushr.o(.text)
    _ll_ushift_r                             0x080002af   Thumb Code     0  llushr.o(.text)
    __aeabi_memcpy                           0x080002d1   Thumb Code    36  memcpya.o(.text)
    __aeabi_memcpy4                          0x080002d1   Thumb Code     0  memcpya.o(.text)
    __aeabi_memcpy8                          0x080002d1   Thumb Code     0  memcpya.o(.text)
    __aeabi_memset                           0x080002f5   Thumb Code    14  memseta.o(.text)
    __aeabi_memset4                          0x080002f5   Thumb Code     0  memseta.o(.text)
    __aeabi_memset8                          0x080002f5   Thumb Code     0  memseta.o(.text)
    __aeabi_memclr                           0x08000303   Thumb Code     4  memseta.o(.text)
    __aeabi_memclr4                          0x08000303   Thumb Code     0  memseta.o(.text)
    __aeabi_memclr8                          0x08000303   Thumb Code     0  memseta.o(.text)
    memset                                   0x08000307   Thumb Code    18  memseta.o(.text)
    __aeabi_fadd                             0x08000319   Thumb Code   162  fadd.o(.text)
    __aeabi_fsub                             0x080003bb   Thumb Code     8  fadd.o(.text)
    __aeabi_frsub                            0x080003c3   Thumb Code     8  fadd.o(.text)
    __aeabi_fmul                             0x080003cb   Thumb Code   122  fmul.o(.text)
    __aeabi_fdiv                             0x08000445   Thumb Code   124  fdiv.o(.text)
    __aeabi_dadd                             0x080004c1   Thumb Code   330  dadd.o(.text)
    __aeabi_dsub                             0x0800060b   Thumb Code    12  dadd.o(.text)
    __aeabi_drsub                            0x08000617   Thumb Code    12  dadd.o(.text)
    __aeabi_dmul                             0x08000629   Thumb Code   202  dmul.o(.text)
    __aeabi_ddiv                             0x080006f9   Thumb Code   234  ddiv.o(.text)
    __aeabi_ui2f                             0x080007e9   Thumb Code    14  ffltui.o(.text)
    __aeabi_ui2d                             0x080007f9   Thumb Code    24  dfltui.o(.text)
    __aeabi_ul2d                             0x08000815   Thumb Code    22  dfltul.o(.text)
    __aeabi_f2d                              0x08000831   Thumb Code    40  f2d.o(.text)
    __aeabi_d2f                              0x08000859   Thumb Code    56  d2f.o(.text)
    __aeabi_llsl                             0x08000891   Thumb Code    32  llshl.o(.text)
    _ll_shift_l                              0x08000891   Thumb Code     0  llshl.o(.text)
    __aeabi_lasr                             0x080008b1   Thumb Code    38  llsshr.o(.text)
    _ll_sshift_r                             0x080008b1   Thumb Code     0  llsshr.o(.text)
    __I$use$fp                               0x080008d7   Thumb Code     0  iusefp.o(.text)
    _float_round                             0x080008d7   Thumb Code    16  fepilogue.o(.text)
    _float_epilogue                          0x080008e7   Thumb Code   114  fepilogue.o(.text)
    _double_round                            0x08000959   Thumb Code    26  depilogue.o(.text)
    _double_epilogue                         0x08000973   Thumb Code   164  depilogue.o(.text)
    __scatterload                            0x08000a19   Thumb Code    28  init.o(.text)
    __scatterload_rt2                        0x08000a19   Thumb Code     0  init.o(.text)
    DMA1_Channel1_IRQHandler                 0x08000b51   Thumb Code    10  stm32f0xx_it.o(i.DMA1_Channel1_IRQHandler)
    DMA1_Channel2_3_IRQHandler               0x08000b61   Thumb Code    16  stm32f0xx_it.o(i.DMA1_Channel2_3_IRQHandler)
    DMA1_Channel4_5_IRQHandler               0x08000b79   Thumb Code    16  stm32f0xx_it.o(i.DMA1_Channel4_5_IRQHandler)
    Error_Handler                            0x08000bdd   Thumb Code    18  main.o(i.Error_Handler)
    HAL_ADC_ConfigChannel                    0x08000bf9   Thumb Code   284  stm32f0xx_hal_adc.o(i.HAL_ADC_ConfigChannel)
    HAL_ADC_ConvCpltCallback                 0x08000d25   Thumb Code     2  stm32f0xx_hal_adc.o(i.HAL_ADC_ConvCpltCallback)
    HAL_ADC_ConvHalfCpltCallback             0x08000d27   Thumb Code     2  stm32f0xx_hal_adc.o(i.HAL_ADC_ConvHalfCpltCallback)
    HAL_ADC_ErrorCallback                    0x08000d29   Thumb Code     2  stm32f0xx_hal_adc.o(i.HAL_ADC_ErrorCallback)
    HAL_ADC_Init                             0x08000d2d   Thumb Code   366  stm32f0xx_hal_adc.o(i.HAL_ADC_Init)
    HAL_ADC_MspInit                          0x08000ea5   Thumb Code   122  adc.o(i.HAL_ADC_MspInit)
    HAL_ADC_Start_DMA                        0x08000f31   Thumb Code   144  stm32f0xx_hal_adc.o(i.HAL_ADC_Start_DMA)
    HAL_CAN_Init                             0x08000fd1   Thumb Code   272  stm32f0xx_hal_can.o(i.HAL_CAN_Init)
    HAL_CAN_MspInit                          0x080010e1   Thumb Code    90  can.o(i.HAL_CAN_MspInit)
    HAL_DMA_Abort_IT                         0x08001145   Thumb Code    72  stm32f0xx_hal_dma.o(i.HAL_DMA_Abort_IT)
    HAL_DMA_IRQHandler                       0x0800118d   Thumb Code   156  stm32f0xx_hal_dma.o(i.HAL_DMA_IRQHandler)
    HAL_DMA_Init                             0x08001229   Thumb Code    78  stm32f0xx_hal_dma.o(i.HAL_DMA_Init)
    HAL_DMA_Start_IT                         0x0800127d   Thumb Code   106  stm32f0xx_hal_dma.o(i.HAL_DMA_Start_IT)
    HAL_GPIO_Init                            0x080012e9   Thumb Code   334  stm32f0xx_hal_gpio.o(i.HAL_GPIO_Init)
    HAL_GPIO_WritePin                        0x0800144d   Thumb Code    12  stm32f0xx_hal_gpio.o(i.HAL_GPIO_WritePin)
    HAL_GetTick                              0x08001459   Thumb Code     6  stm32f0xx_hal.o(i.HAL_GetTick)
    HAL_IncTick                              0x08001465   Thumb Code    12  stm32f0xx_hal.o(i.HAL_IncTick)
    HAL_Init                                 0x08001475   Thumb Code    26  stm32f0xx_hal.o(i.HAL_Init)
    HAL_InitTick                             0x08001495   Thumb Code    98  stm32f0xx_hal_timebase_tim.o(i.HAL_InitTick)
    HAL_MspInit                              0x0800150d   Thumb Code    34  stm32f0xx_hal_msp.o(i.HAL_MspInit)
    HAL_NVIC_EnableIRQ                       0x08001535   Thumb Code    18  stm32f0xx_hal_cortex.o(i.HAL_NVIC_EnableIRQ)
    HAL_NVIC_SetPriority                     0x0800154d   Thumb Code     8  stm32f0xx_hal_cortex.o(i.HAL_NVIC_SetPriority)
    HAL_RCCEx_PeriphCLKConfig                0x08001555   Thumb Code   254  stm32f0xx_hal_rcc_ex.o(i.HAL_RCCEx_PeriphCLKConfig)
    HAL_RCC_ClockConfig                      0x08001661   Thumb Code   254  stm32f0xx_hal_rcc.o(i.HAL_RCC_ClockConfig)
    HAL_RCC_GetClockConfig                   0x08001775   Thumb Code    46  stm32f0xx_hal_rcc.o(i.HAL_RCC_GetClockConfig)
    HAL_RCC_GetPCLK1Freq                     0x080017ad   Thumb Code    20  stm32f0xx_hal_rcc.o(i.HAL_RCC_GetPCLK1Freq)
    HAL_RCC_GetSysClockFreq                  0x080017cd   Thumb Code   102  stm32f0xx_hal_rcc.o(i.HAL_RCC_GetSysClockFreq)
    HAL_RCC_OscConfig                        0x08001861   Thumb Code  1028  stm32f0xx_hal_rcc.o(i.HAL_RCC_OscConfig)
    HAL_TIMEx_BreakCallback                  0x08001c65   Thumb Code     2  stm32f0xx_hal_tim_ex.o(i.HAL_TIMEx_BreakCallback)
    HAL_TIMEx_CommutCallback                 0x08001c67   Thumb Code     2  stm32f0xx_hal_tim_ex.o(i.HAL_TIMEx_CommutCallback)
    HAL_TIMEx_MasterConfigSynchronization    0x08001c69   Thumb Code    78  stm32f0xx_hal_tim_ex.o(i.HAL_TIMEx_MasterConfigSynchronization)
    HAL_TIM_Base_Init                        0x08001cc1   Thumb Code    52  stm32f0xx_hal_tim.o(i.HAL_TIM_Base_Init)
    HAL_TIM_Base_MspInit                     0x08001cf5   Thumb Code    68  tim.o(i.HAL_TIM_Base_MspInit)
    HAL_TIM_Base_Start_IT                    0x08001d45   Thumb Code    32  stm32f0xx_hal_tim.o(i.HAL_TIM_Base_Start_IT)
    HAL_TIM_ConfigClockSource                0x08001d65   Thumb Code   208  stm32f0xx_hal_tim.o(i.HAL_TIM_ConfigClockSource)
    HAL_TIM_IC_CaptureCallback               0x08001e35   Thumb Code     2  stm32f0xx_hal_tim.o(i.HAL_TIM_IC_CaptureCallback)
    HAL_TIM_IRQHandler                       0x08001e37   Thumb Code   354  stm32f0xx_hal_tim.o(i.HAL_TIM_IRQHandler)
    HAL_TIM_MspPostInit                      0x08001f99   Thumb Code    68  tim.o(i.HAL_TIM_MspPostInit)
    HAL_TIM_OC_DelayElapsedCallback          0x08001fe9   Thumb Code     2  stm32f0xx_hal_tim.o(i.HAL_TIM_OC_DelayElapsedCallback)
    HAL_TIM_PWM_ConfigChannel                0x08001feb   Thumb Code   208  stm32f0xx_hal_tim.o(i.HAL_TIM_PWM_ConfigChannel)
    HAL_TIM_PWM_Init                         0x080020bb   Thumb Code    52  stm32f0xx_hal_tim.o(i.HAL_TIM_PWM_Init)
    HAL_TIM_PWM_MspInit                      0x080020ef   Thumb Code     2  stm32f0xx_hal_tim.o(i.HAL_TIM_PWM_MspInit)
    HAL_TIM_PWM_PulseFinishedCallback        0x080020f1   Thumb Code     2  stm32f0xx_hal_tim.o(i.HAL_TIM_PWM_PulseFinishedCallback)
    HAL_TIM_PWM_Start                        0x080020f5   Thumb Code    66  stm32f0xx_hal_tim.o(i.HAL_TIM_PWM_Start)
    HAL_TIM_PWM_Stop                         0x08002145   Thumb Code    90  stm32f0xx_hal_tim.o(i.HAL_TIM_PWM_Stop)
    HAL_TIM_PeriodElapsedCallback            0x080021b1   Thumb Code    42  tim.o(i.HAL_TIM_PeriodElapsedCallback)
    HAL_TIM_TriggerCallback                  0x080021e9   Thumb Code     2  stm32f0xx_hal_tim.o(i.HAL_TIM_TriggerCallback)
    HAL_UARTEx_WakeupCallback                0x080021eb   Thumb Code     2  stm32f0xx_hal_uart_ex.o(i.HAL_UARTEx_WakeupCallback)
    HAL_UART_ErrorCallback                   0x080021ed   Thumb Code     2  stm32f0xx_hal_uart.o(i.HAL_UART_ErrorCallback)
    HAL_UART_IRQHandler                      0x080021f1   Thumb Code   342  stm32f0xx_hal_uart.o(i.HAL_UART_IRQHandler)
    HAL_UART_Init                            0x08002351   Thumb Code   106  stm32f0xx_hal_uart.o(i.HAL_UART_Init)
    HAL_UART_MspInit                         0x080023bd   Thumb Code   350  usart.o(i.HAL_UART_MspInit)
    HAL_UART_TxCpltCallback                  0x08002531   Thumb Code     2  stm32f0xx_hal_uart.o(i.HAL_UART_TxCpltCallback)
    HardFault_Handler                        0x08002533   Thumb Code     2  stm32f0xx_it.o(i.HardFault_Handler)
    MX_ADC_Init                              0x08002535   Thumb Code   136  adc.o(i.MX_ADC_Init)
    MX_CAN_Init                              0x080025c5   Thumb Code    56  can.o(i.MX_CAN_Init)
    MX_DMA_Init                              0x08002605   Thumb Code    68  dma.o(i.MX_DMA_Init)
    MX_FREERTOS_Init                         0x0800264d   Thumb Code    52  freertos.o(i.MX_FREERTOS_Init)
    MX_GPIO_Init                             0x08002689   Thumb Code   170  gpio.o(i.MX_GPIO_Init)
    MX_TIM17_Init                            0x08002741   Thumb Code    42  tim.o(i.MX_TIM17_Init)
    MX_TIM3_Init                             0x08002775   Thumb Code   154  tim.o(i.MX_TIM3_Init)
    MX_USART1_UART_Init                      0x08002819   Thumb Code    48  usart.o(i.MX_USART1_UART_Init)
    MX_USART2_UART_Init                      0x08002851   Thumb Code    48  usart.o(i.MX_USART2_UART_Init)
    NMI_Handler                              0x08002889   Thumb Code     2  stm32f0xx_it.o(i.NMI_Handler)
    Pwm_Start                                0x0800288d   Thumb Code    12  tim.o(i.Pwm_Start)
    Pwm_Stop                                 0x0800289d   Thumb Code    12  tim.o(i.Pwm_Stop)
    SVC_Handler                              0x080028ad   Thumb Code     2  port.o(i.SVC_Handler)
    StartLED                                 0x080028b1   Thumb Code   100  freertos.o(i.StartLED)
    SysTick_Handler                          0x0800294d   Thumb Code    32  port.o(i.SysTick_Handler)
    SystemClock_Config                       0x08002971   Thumb Code   112  main.o(i.SystemClock_Config)
    SystemInit                               0x080029e1   Thumb Code     2  system_stm32f0xx.o(i.SystemInit)
    TIM17_IRQHandler                         0x080029e5   Thumb Code    10  stm32f0xx_it.o(i.TIM17_IRQHandler)
    TIM1_BRK_UP_TRG_COM_IRQHandler           0x080029f5   Thumb Code    10  stm32f0xx_it.o(i.TIM1_BRK_UP_TRG_COM_IRQHandler)
    TIM_Base_SetConfig                       0x08002a05   Thumb Code   112  stm32f0xx_hal_tim.o(i.TIM_Base_SetConfig)
    TIM_CCxChannelCmd                        0x08002a89   Thumb Code    26  stm32f0xx_hal_tim.o(i.TIM_CCxChannelCmd)
    TIM_ETR_SetConfig                        0x08002aa3   Thumb Code    22  stm32f0xx_hal_tim.o(i.TIM_ETR_SetConfig)
    TIM_OC2_SetConfig                        0x08002b41   Thumb Code   104  stm32f0xx_hal_tim.o(i.TIM_OC2_SetConfig)
    UART_AdvFeatureConfig                    0x08002cd5   Thumb Code   202  stm32f0xx_hal_uart.o(i.UART_AdvFeatureConfig)
    UART_CheckIdleState                      0x08002da1   Thumb Code    90  stm32f0xx_hal_uart.o(i.UART_CheckIdleState)
    UART_SetConfig                           0x08002e35   Thumb Code   300  stm32f0xx_hal_uart.o(i.UART_SetConfig)
    UART_WaitOnFlagUntilTimeout              0x08002f7d   Thumb Code   156  stm32f0xx_hal_uart.o(i.UART_WaitOnFlagUntilTimeout)
    USART1_IRQHandler                        0x08003019   Thumb Code    10  stm32f0xx_it.o(i.USART1_IRQHandler)
    USART2_IRQHandler                        0x08003029   Thumb Code    10  stm32f0xx_it.o(i.USART2_IRQHandler)
    Ultrasonic_Calculate                     0x08003039   Thumb Code   148  freertos.o(i.Ultrasonic_Calculate)
    __ARM_clz                                0x080030f1   Thumb Code    46  depilogue.o(i.__ARM_clz)
    __ARM_common_ll_muluu                    0x0800311f   Thumb Code    48  stm32f0xx_hal_rcc.o(i.__ARM_common_ll_muluu)
    __scatterload_copy                       0x08003195   Thumb Code    14  handlers.o(i.__scatterload_copy)
    __scatterload_null                       0x080031a3   Thumb Code     2  handlers.o(i.__scatterload_null)
    __scatterload_zeroinit                   0x080031a5   Thumb Code    14  handlers.o(i.__scatterload_zeroinit)
    delay_us                                 0x080031b3   Thumb Code    26  tim.o(i.delay_us)
    main                                     0x080031cd   Thumb Code    66  main.o(i.main)
    map                                      0x08003229   Thumb Code    58  freertos.o(i.map)
    micros                                   0x08003265   Thumb Code    30  tim.o(i.micros)
    osDelay                                  0x0800328d   Thumb Code    16  cmsis_os.o(i.osDelay)
    osKernelStart                            0x0800329d   Thumb Code    10  cmsis_os.o(i.osKernelStart)
    osThreadCreate                           0x080032a7   Thumb Code    88  cmsis_os.o(i.osThreadCreate)
    pvPortMalloc                             0x080035c1   Thumb Code   172  heap_4.o(i.pvPortMalloc)
    pxPortInitialiseStack                    0x08003671   Thumb Code    28  port.o(i.pxPortInitialiseStack)
    uxListRemove                             0x08003691   Thumb Code    38  list.o(i.uxListRemove)
    vApplicationGetIdleTaskMemory            0x080036b9   Thumb Code    16  freertos.o(i.vApplicationGetIdleTaskMemory)
    vListInitialise                          0x080036cd   Thumb Code    22  list.o(i.vListInitialise)
    vListInitialiseItem                      0x080036e3   Thumb Code     6  list.o(i.vListInitialiseItem)
    vListInsert                              0x080036e9   Thumb Code    48  list.o(i.vListInsert)
    vListInsertEnd                           0x08003719   Thumb Code    24  list.o(i.vListInsertEnd)
    vPortEnterCritical                       0x08003731   Thumb Code    20  port.o(i.vPortEnterCritical)
    vPortExitCritical                        0x08003749   Thumb Code    22  port.o(i.vPortExitCritical)
    vPortFree                                0x08003765   Thumb Code    62  heap_4.o(i.vPortFree)
    vPortYield                               0x080037a9   Thumb Code    18  port.o(i.vPortYield)
    vTaskDelay                               0x080037c1   Thumb Code    44  tasks.o(i.vTaskDelay)
    vTaskStartScheduler                      0x080037f1   Thumb Code    72  tasks.o(i.vTaskStartScheduler)
    vTaskSuspendAll                          0x08003849   Thumb Code    10  tasks.o(i.vTaskSuspendAll)
    vTaskSwitchContext                       0x08003859   Thumb Code    78  tasks.o(i.vTaskSwitchContext)
    xPortStartScheduler                      0x080038b1   Thumb Code    62  port.o(i.xPortStartScheduler)
    xTaskCreate                              0x08003901   Thumb Code    82  tasks.o(i.xTaskCreate)
    xTaskCreateStatic                        0x08003953   Thumb Code    68  tasks.o(i.xTaskCreateStatic)
    xTaskIncrementTick                       0x08003999   Thumb Code   180  tasks.o(i.xTaskIncrementTick)
    xTaskResumeAll                           0x08003a55   Thumb Code   164  tasks.o(i.xTaskResumeAll)
    AHBPrescTable                            0x08003b38   Data          16  system_stm32f0xx.o(.constdata)
    APBPrescTable                            0x08003b48   Data           8  system_stm32f0xx.o(.constdata)
    Region$$Table$$Base                      0x08003b5c   Number         0  anon$$obj.o(Region$$Table)
    Region$$Table$$Limit                     0x08003b7c   Number         0  anon$$obj.o(Region$$Table)
    s                                        0x20000000   Data           4  freertos.o(.data)
    Ultrasonic_Calculate_Handle              0x20000004   Data           4  freertos.o(.data)
    LEDHandle                                0x20000008   Data           4  freertos.o(.data)
    Temperature                              0x2000000c   Data           4  freertos.o(.data)
    Temperature_Ext                          0x20000010   Data           4  freertos.o(.data)
    a                                        0x20000018   Data           8  freertos.o(.data)
    pre                                      0x20000020   Data           8  freertos.o(.data)
    tick_milis                               0x20000028   Data           8  tim.o(.data)
    uwTickFreq                               0x20000030   Data           1  stm32f0xx_hal.o(.data)
    uwTickPrio                               0x20000034   Data           4  stm32f0xx_hal.o(.data)
    uwTick                                   0x20000038   Data           4  stm32f0xx_hal.o(.data)
    SystemCoreClock                          0x2000003c   Data           4  system_stm32f0xx.o(.data)
    pxCurrentTCB                             0x20000040   Data           4  tasks.o(.data)
    Adc_buffer                               0x20000098   Data          12  main.o(.bss)
    hadc                                     0x200002f8   Data          64  adc.o(.bss)
    hdma_adc                                 0x20000338   Data          68  adc.o(.bss)
    rxHeader                                 0x2000037c   Data          28  can.o(.bss)
    canfil                                   0x20000398   Data          40  can.o(.bss)
    hcan                                     0x200003c0   Data          40  can.o(.bss)
    htim3                                    0x200003e8   Data          64  tim.o(.bss)
    htim17                                   0x20000428   Data          64  tim.o(.bss)
    huart1                                   0x20000468   Data         128  usart.o(.bss)
    huart2                                   0x200004e8   Data         128  usart.o(.bss)
    hdma_usart1_rx                           0x20000568   Data          68  usart.o(.bss)
    hdma_usart1_tx                           0x200005ac   Data          68  usart.o(.bss)
    hdma_usart2_rx                           0x200005f0   Data          68  usart.o(.bss)
    hdma_usart2_tx                           0x20000634   Data          68  usart.o(.bss)
    htim1                                    0x20000678   Data          64  stm32f0xx_hal_timebase_tim.o(.bss)
    __initial_sp                             0x200017a8   Data           0  startup_stm32f042x6.o(STACK)



==============================================================================

Memory Map of the image

  Image Entry point : 0x080000c1

  Load Region LR_IROM1 (Base: 0x08000000, Size: 0x00003c14, Max: 0x00008000, ABSOLUTE)

    Execution Region ER_IROM1 (Exec base: 0x08000000, Load base: 0x08000000, Size: 0x00003b7c, Max: 0x00008000, ABSOLUTE)

    Exec Addr    Load Addr    Size         Type   Attr      Idx    E Section Name        Object

    0x08000000   0x08000000   0x000000c0   Data   RO            3    RESET               startup_stm32f042x6.o
    0x080000c0   0x080000c0   0x00000000   Code   RO         5232  * .ARM.Collect$$$$00000000  mc_p.l(entry.o)
    0x080000c0   0x080000c0   0x00000004   Code   RO         5275    .ARM.Collect$$$$00000001  mc_p.l(entry2.o)
    0x080000c4   0x080000c4   0x00000004   Code   RO         5278    .ARM.Collect$$$$00000004  mc_p.l(entry5.o)
    0x080000c8   0x080000c8   0x00000000   Code   RO         5280    .ARM.Collect$$$$00000008  mc_p.l(entry7b.o)
    0x080000c8   0x080000c8   0x00000000   Code   RO         5282    .ARM.Collect$$$$0000000A  mc_p.l(entry8b.o)
    0x080000c8   0x080000c8   0x00000008   Code   RO         5283    .ARM.Collect$$$$0000000B  mc_p.l(entry9a.o)
    0x080000d0   0x080000d0   0x00000004   Code   RO         5290    .ARM.Collect$$$$0000000E  mc_p.l(entry12b.o)
    0x080000d4   0x080000d4   0x00000000   Code   RO         5285    .ARM.Collect$$$$0000000F  mc_p.l(entry10a.o)
    0x080000d4   0x080000d4   0x00000000   Code   RO         5287    .ARM.Collect$$$$00000011  mc_p.l(entry11a.o)
    0x080000d4   0x080000d4   0x00000004   Code   RO         5276    .ARM.Collect$$$$00002712  mc_p.l(entry2.o)
    0x080000d8   0x080000d8   0x00000078   Code   RO         5167    .emb_text           port.o
    0x08000150   0x08000150   0x00000058   Code   RO            4    .text               startup_stm32f042x6.o
    0x080001a8   0x080001a8   0x0000002c   Code   RO         5235    .text               mc_p.l(uidiv.o)
    0x080001d4   0x080001d4   0x00000060   Code   RO         5237    .text               mc_p.l(uldiv.o)
    0x08000234   0x08000234   0x0000007a   Code   RO         5239    .text               mc_p.l(llmul.o)
    0x080002ae   0x080002ae   0x00000022   Code   RO         5241    .text               mc_p.l(llushr.o)
    0x080002d0   0x080002d0   0x00000024   Code   RO         5243    .text               mc_p.l(memcpya.o)
    0x080002f4   0x080002f4   0x00000024   Code   RO         5247    .text               mc_p.l(memseta.o)
    0x08000318   0x08000318   0x000000b2   Code   RO         5253    .text               mf_p.l(fadd.o)
    0x080003ca   0x080003ca   0x0000007a   Code   RO         5255    .text               mf_p.l(fmul.o)
    0x08000444   0x08000444   0x0000007c   Code   RO         5257    .text               mf_p.l(fdiv.o)
    0x080004c0   0x080004c0   0x00000168   Code   RO         5259    .text               mf_p.l(dadd.o)
    0x08000628   0x08000628   0x000000d0   Code   RO         5261    .text               mf_p.l(dmul.o)
    0x080006f8   0x080006f8   0x000000f0   Code   RO         5263    .text               mf_p.l(ddiv.o)
    0x080007e8   0x080007e8   0x0000000e   Code   RO         5265    .text               mf_p.l(ffltui.o)
    0x080007f6   0x080007f6   0x00000002   PAD
    0x080007f8   0x080007f8   0x0000001c   Code   RO         5267    .text               mf_p.l(dfltui.o)
    0x08000814   0x08000814   0x0000001c   Code   RO         5269    .text               mf_p.l(dfltul.o)
    0x08000830   0x08000830   0x00000028   Code   RO         5271    .text               mf_p.l(f2d.o)
    0x08000858   0x08000858   0x00000038   Code   RO         5273    .text               mf_p.l(d2f.o)
    0x08000890   0x08000890   0x00000020   Code   RO         5291    .text               mc_p.l(llshl.o)
    0x080008b0   0x080008b0   0x00000026   Code   RO         5293    .text               mc_p.l(llsshr.o)
    0x080008d6   0x080008d6   0x00000000   Code   RO         5295    .text               mc_p.l(iusefp.o)
    0x080008d6   0x080008d6   0x00000082   Code   RO         5296    .text               mf_p.l(fepilogue.o)
    0x08000958   0x08000958   0x000000be   Code   RO         5298    .text               mf_p.l(depilogue.o)
    0x08000a16   0x08000a16   0x00000002   PAD
    0x08000a18   0x08000a18   0x00000024   Code   RO         5302    .text               mc_p.l(init.o)
    0x08000a3c   0x08000a3c   0x0000006c   Code   RO          722    i.ADC_DMAConvCplt   stm32f0xx_hal_adc.o
    0x08000aa8   0x08000aa8   0x0000001a   Code   RO          723    i.ADC_DMAError      stm32f0xx_hal_adc.o
    0x08000ac2   0x08000ac2   0x0000000a   Code   RO          724    i.ADC_DMAHalfConvCplt  stm32f0xx_hal_adc.o
    0x08000acc   0x08000acc   0x00000084   Code   RO          726    i.ADC_Enable        stm32f0xx_hal_adc.o
    0x08000b50   0x08000b50   0x00000010   Code   RO          594    i.DMA1_Channel1_IRQHandler  stm32f0xx_it.o
    0x08000b60   0x08000b60   0x00000018   Code   RO          595    i.DMA1_Channel2_3_IRQHandler  stm32f0xx_it.o
    0x08000b78   0x08000b78   0x00000018   Code   RO          596    i.DMA1_Channel4_5_IRQHandler  stm32f0xx_it.o
    0x08000b90   0x08000b90   0x00000024   Code   RO         1825    i.DMA_CalcBaseAndBitshift  stm32f0xx_hal_dma.o
    0x08000bb4   0x08000bb4   0x00000028   Code   RO         1826    i.DMA_SetConfig     stm32f0xx_hal_dma.o
    0x08000bdc   0x08000bdc   0x0000001c   Code   RO           12    i.Error_Handler     main.o
    0x08000bf8   0x08000bf8   0x0000012c   Code   RO          728    i.HAL_ADC_ConfigChannel  stm32f0xx_hal_adc.o
    0x08000d24   0x08000d24   0x00000002   Code   RO          729    i.HAL_ADC_ConvCpltCallback  stm32f0xx_hal_adc.o
    0x08000d26   0x08000d26   0x00000002   Code   RO          730    i.HAL_ADC_ConvHalfCpltCallback  stm32f0xx_hal_adc.o
    0x08000d28   0x08000d28   0x00000002   Code   RO          732    i.HAL_ADC_ErrorCallback  stm32f0xx_hal_adc.o
    0x08000d2a   0x08000d2a   0x00000002   PAD
    0x08000d2c   0x08000d2c   0x00000178   Code   RO          737    i.HAL_ADC_Init      stm32f0xx_hal_adc.o
    0x08000ea4   0x08000ea4   0x0000008c   Code   RO          318    i.HAL_ADC_MspInit   adc.o
    0x08000f30   0x08000f30   0x000000a0   Code   RO          744    i.HAL_ADC_Start_DMA  stm32f0xx_hal_adc.o
    0x08000fd0   0x08000fd0   0x00000110   Code   RO         2423    i.HAL_CAN_Init      stm32f0xx_hal_can.o
    0x080010e0   0x080010e0   0x00000064   Code   RO          356    i.HAL_CAN_MspInit   can.o
    0x08001144   0x08001144   0x00000048   Code   RO         1828    i.HAL_DMA_Abort_IT  stm32f0xx_hal_dma.o
    0x0800118c   0x0800118c   0x0000009c   Code   RO         1832    i.HAL_DMA_IRQHandler  stm32f0xx_hal_dma.o
    0x08001228   0x08001228   0x00000054   Code   RO         1833    i.HAL_DMA_Init      stm32f0xx_hal_dma.o
    0x0800127c   0x0800127c   0x0000006a   Code   RO         1837    i.HAL_DMA_Start_IT  stm32f0xx_hal_dma.o
    0x080012e6   0x080012e6   0x00000002   PAD
    0x080012e8   0x080012e8   0x00000164   Code   RO         1766    i.HAL_GPIO_Init     stm32f0xx_hal_gpio.o
    0x0800144c   0x0800144c   0x0000000c   Code   RO         1770    i.HAL_GPIO_WritePin  stm32f0xx_hal_gpio.o
    0x08001458   0x08001458   0x0000000c   Code   RO         1106    i.HAL_GetTick       stm32f0xx_hal.o
    0x08001464   0x08001464   0x00000010   Code   RO         1112    i.HAL_IncTick       stm32f0xx_hal.o
    0x08001474   0x08001474   0x00000020   Code   RO         1113    i.HAL_Init          stm32f0xx_hal.o
    0x08001494   0x08001494   0x00000078   Code   RO          686    i.HAL_InitTick      stm32f0xx_hal_timebase_tim.o
    0x0800150c   0x0800150c   0x00000028   Code   RO          666    i.HAL_MspInit       stm32f0xx_hal_msp.o
    0x08001534   0x08001534   0x00000018   Code   RO         1925    i.HAL_NVIC_EnableIRQ  stm32f0xx_hal_cortex.o
    0x0800154c   0x0800154c   0x00000008   Code   RO         1929    i.HAL_NVIC_SetPriority  stm32f0xx_hal_cortex.o
    0x08001554   0x08001554   0x0000010c   Code   RO         1022    i.HAL_RCCEx_PeriphCLKConfig  stm32f0xx_hal_rcc_ex.o
    0x08001660   0x08001660   0x00000114   Code   RO          918    i.HAL_RCC_ClockConfig  stm32f0xx_hal_rcc.o
    0x08001774   0x08001774   0x00000038   Code   RO          922    i.HAL_RCC_GetClockConfig  stm32f0xx_hal_rcc.o
    0x080017ac   0x080017ac   0x00000020   Code   RO          925    i.HAL_RCC_GetPCLK1Freq  stm32f0xx_hal_rcc.o
    0x080017cc   0x080017cc   0x00000094   Code   RO          926    i.HAL_RCC_GetSysClockFreq  stm32f0xx_hal_rcc.o
    0x08001860   0x08001860   0x00000404   Code   RO          929    i.HAL_RCC_OscConfig  stm32f0xx_hal_rcc.o
    0x08001c64   0x08001c64   0x00000002   Code   RO         3324    i.HAL_TIMEx_BreakCallback  stm32f0xx_hal_tim_ex.o
    0x08001c66   0x08001c66   0x00000002   Code   RO         3325    i.HAL_TIMEx_CommutCallback  stm32f0xx_hal_tim_ex.o
    0x08001c68   0x08001c68   0x00000058   Code   RO         3342    i.HAL_TIMEx_MasterConfigSynchronization  stm32f0xx_hal_tim_ex.o
    0x08001cc0   0x08001cc0   0x00000034   Code   RO         2641    i.HAL_TIM_Base_Init  stm32f0xx_hal_tim.o
    0x08001cf4   0x08001cf4   0x00000050   Code   RO          440    i.HAL_TIM_Base_MspInit  tim.o
    0x08001d44   0x08001d44   0x00000020   Code   RO         2646    i.HAL_TIM_Base_Start_IT  stm32f0xx_hal_tim.o
    0x08001d64   0x08001d64   0x000000d0   Code   RO         2650    i.HAL_TIM_ConfigClockSource  stm32f0xx_hal_tim.o
    0x08001e34   0x08001e34   0x00000002   Code   RO         2672    i.HAL_TIM_IC_CaptureCallback  stm32f0xx_hal_tim.o
    0x08001e36   0x08001e36   0x00000162   Code   RO         2686    i.HAL_TIM_IRQHandler  stm32f0xx_hal_tim.o
    0x08001f98   0x08001f98   0x00000050   Code   RO          441    i.HAL_TIM_MspPostInit  tim.o
    0x08001fe8   0x08001fe8   0x00000002   Code   RO         2689    i.HAL_TIM_OC_DelayElapsedCallback  stm32f0xx_hal_tim.o
    0x08001fea   0x08001fea   0x000000d0   Code   RO         2710    i.HAL_TIM_PWM_ConfigChannel  stm32f0xx_hal_tim.o
    0x080020ba   0x080020ba   0x00000034   Code   RO         2713    i.HAL_TIM_PWM_Init  stm32f0xx_hal_tim.o
    0x080020ee   0x080020ee   0x00000002   Code   RO         2715    i.HAL_TIM_PWM_MspInit  stm32f0xx_hal_tim.o
    0x080020f0   0x080020f0   0x00000002   Code   RO         2716    i.HAL_TIM_PWM_PulseFinishedCallback  stm32f0xx_hal_tim.o
    0x080020f2   0x080020f2   0x00000002   PAD
    0x080020f4   0x080020f4   0x00000050   Code   RO         2718    i.HAL_TIM_PWM_Start  stm32f0xx_hal_tim.o
    0x08002144   0x08002144   0x0000006c   Code   RO         2721    i.HAL_TIM_PWM_Stop  stm32f0xx_hal_tim.o
    0x080021b0   0x080021b0   0x00000038   Code   RO          442    i.HAL_TIM_PeriodElapsedCallback  tim.o
    0x080021e8   0x080021e8   0x00000002   Code   RO         2729    i.HAL_TIM_TriggerCallback  stm32f0xx_hal_tim.o
    0x080021ea   0x080021ea   0x00000002   Code   RO         3946    i.HAL_UARTEx_WakeupCallback  stm32f0xx_hal_uart_ex.o
    0x080021ec   0x080021ec   0x00000002   Code   RO         3595    i.HAL_UART_ErrorCallback  stm32f0xx_hal_uart.o
    0x080021ee   0x080021ee   0x00000002   PAD
    0x080021f0   0x080021f0   0x00000160   Code   RO         3598    i.HAL_UART_IRQHandler  stm32f0xx_hal_uart.o
    0x08002350   0x08002350   0x0000006a   Code   RO         3599    i.HAL_UART_Init     stm32f0xx_hal_uart.o
    0x080023ba   0x080023ba   0x00000002   PAD
    0x080023bc   0x080023bc   0x00000174   Code   RO          533    i.HAL_UART_MspInit  usart.o
    0x08002530   0x08002530   0x00000002   Code   RO         3611    i.HAL_UART_TxCpltCallback  stm32f0xx_hal_uart.o
    0x08002532   0x08002532   0x00000002   Code   RO          597    i.HardFault_Handler  stm32f0xx_it.o
    0x08002534   0x08002534   0x00000090   Code   RO          319    i.MX_ADC_Init       adc.o
    0x080025c4   0x080025c4   0x00000040   Code   RO          358    i.MX_CAN_Init       can.o
    0x08002604   0x08002604   0x00000048   Code   RO          419    i.MX_DMA_Init       dma.o
    0x0800264c   0x0800264c   0x0000003c   Code   RO          257    i.MX_FREERTOS_Init  freertos.o
    0x08002688   0x08002688   0x000000b8   Code   RO          218    i.MX_GPIO_Init      gpio.o
    0x08002740   0x08002740   0x00000034   Code   RO          443    i.MX_TIM17_Init     tim.o
    0x08002774   0x08002774   0x000000a4   Code   RO          444    i.MX_TIM3_Init      tim.o
    0x08002818   0x08002818   0x00000038   Code   RO          534    i.MX_USART1_UART_Init  usart.o
    0x08002850   0x08002850   0x00000038   Code   RO          535    i.MX_USART2_UART_Init  usart.o
    0x08002888   0x08002888   0x00000002   Code   RO          598    i.NMI_Handler       stm32f0xx_it.o
    0x0800288a   0x0800288a   0x00000002   PAD
    0x0800288c   0x0800288c   0x00000010   Code   RO          445    i.Pwm_Start         tim.o
    0x0800289c   0x0800289c   0x00000010   Code   RO          446    i.Pwm_Stop          tim.o
    0x080028ac   0x080028ac   0x00000002   Code   RO         5168    i.SVC_Handler       port.o
    0x080028ae   0x080028ae   0x00000002   PAD
    0x080028b0   0x080028b0   0x0000009c   Code   RO          258    i.StartLED          freertos.o
    0x0800294c   0x0800294c   0x00000024   Code   RO         5169    i.SysTick_Handler   port.o
    0x08002970   0x08002970   0x00000070   Code   RO           13    i.SystemClock_Config  main.o
    0x080029e0   0x080029e0   0x00000002   Code   RO         3992    i.SystemInit        system_stm32f0xx.o
    0x080029e2   0x080029e2   0x00000002   PAD
    0x080029e4   0x080029e4   0x00000010   Code   RO          599    i.TIM17_IRQHandler  stm32f0xx_it.o
    0x080029f4   0x080029f4   0x00000010   Code   RO          600    i.TIM1_BRK_UP_TRG_COM_IRQHandler  stm32f0xx_it.o
    0x08002a04   0x08002a04   0x00000084   Code   RO         2731    i.TIM_Base_SetConfig  stm32f0xx_hal_tim.o
    0x08002a88   0x08002a88   0x0000001a   Code   RO         2732    i.TIM_CCxChannelCmd  stm32f0xx_hal_tim.o
    0x08002aa2   0x08002aa2   0x00000016   Code   RO         2742    i.TIM_ETR_SetConfig  stm32f0xx_hal_tim.o
    0x08002ab8   0x08002ab8   0x00000010   Code   RO         2743    i.TIM_ITRx_SetConfig  stm32f0xx_hal_tim.o
    0x08002ac8   0x08002ac8   0x00000078   Code   RO         2744    i.TIM_OC1_SetConfig  stm32f0xx_hal_tim.o
    0x08002b40   0x08002b40   0x00000074   Code   RO         2745    i.TIM_OC2_SetConfig  stm32f0xx_hal_tim.o
    0x08002bb4   0x08002bb4   0x00000078   Code   RO         2746    i.TIM_OC3_SetConfig  stm32f0xx_hal_tim.o
    0x08002c2c   0x08002c2c   0x00000060   Code   RO         2747    i.TIM_OC4_SetConfig  stm32f0xx_hal_tim.o
    0x08002c8c   0x08002c8c   0x00000022   Code   RO         2749    i.TIM_TI1_ConfigInputStage  stm32f0xx_hal_tim.o
    0x08002cae   0x08002cae   0x00000026   Code   RO         2751    i.TIM_TI2_ConfigInputStage  stm32f0xx_hal_tim.o
    0x08002cd4   0x08002cd4   0x000000ca   Code   RO         3613    i.UART_AdvFeatureConfig  stm32f0xx_hal_uart.o
    0x08002d9e   0x08002d9e   0x00000002   PAD
    0x08002da0   0x08002da0   0x00000060   Code   RO         3614    i.UART_CheckIdleState  stm32f0xx_hal_uart.o
    0x08002e00   0x08002e00   0x00000014   Code   RO         3615    i.UART_DMAAbortOnError  stm32f0xx_hal_uart.o
    0x08002e14   0x08002e14   0x00000020   Code   RO         3625    i.UART_EndRxTransfer  stm32f0xx_hal_uart.o
    0x08002e34   0x08002e34   0x00000148   Code   RO         3629    i.UART_SetConfig    stm32f0xx_hal_uart.o
    0x08002f7c   0x08002f7c   0x0000009c   Code   RO         3632    i.UART_WaitOnFlagUntilTimeout  stm32f0xx_hal_uart.o
    0x08003018   0x08003018   0x00000010   Code   RO          601    i.USART1_IRQHandler  stm32f0xx_it.o
    0x08003028   0x08003028   0x00000010   Code   RO          602    i.USART2_IRQHandler  stm32f0xx_it.o
    0x08003038   0x08003038   0x000000b8   Code   RO          259    i.Ultrasonic_Calculate  freertos.o
    0x080030f0   0x080030f0   0x0000002e   Code   RO         5300    i.__ARM_clz         mf_p.l(depilogue.o)
    0x0800311e   0x0800311e   0x00000030   Code   RO         1003    i.__ARM_common_ll_muluu  stm32f0xx_hal_rcc.o
    0x0800314e   0x0800314e   0x00000002   PAD
    0x08003150   0x08003150   0x00000044   Code   RO         1935    i.__NVIC_SetPriority  stm32f0xx_hal_cortex.o
    0x08003194   0x08003194   0x0000000e   Code   RO         5306    i.__scatterload_copy  mc_p.l(handlers.o)
    0x080031a2   0x080031a2   0x00000002   Code   RO         5307    i.__scatterload_null  mc_p.l(handlers.o)
    0x080031a4   0x080031a4   0x0000000e   Code   RO         5308    i.__scatterload_zeroinit  mc_p.l(handlers.o)
    0x080031b2   0x080031b2   0x0000001a   Code   RO          448    i.delay_us          tim.o
    0x080031cc   0x080031cc   0x00000050   Code   RO           14    i.main              main.o
    0x0800321c   0x0800321c   0x0000000c   Code   RO         4769    i.makeFreeRtosPriority  cmsis_os.o
    0x08003228   0x08003228   0x0000003a   Code   RO          260    i.map               freertos.o
    0x08003262   0x08003262   0x00000002   PAD
    0x08003264   0x08003264   0x00000028   Code   RO          449    i.micros            tim.o
    0x0800328c   0x0800328c   0x00000010   Code   RO         4771    i.osDelay           cmsis_os.o
    0x0800329c   0x0800329c   0x0000000a   Code   RO         4774    i.osKernelStart     cmsis_os.o
    0x080032a6   0x080032a6   0x00000058   Code   RO         4808    i.osThreadCreate    cmsis_os.o
    0x080032fe   0x080032fe   0x00000002   PAD
    0x08003300   0x08003300   0x00000058   Code   RO         4467    i.prvAddCurrentTaskToDelayedList  tasks.o
    0x08003358   0x08003358   0x000000b8   Code   RO         4468    i.prvAddNewTaskToReadyList  tasks.o
    0x08003410   0x08003410   0x00000026   Code   RO         4469    i.prvDeleteTCB      tasks.o
    0x08003436   0x08003436   0x00000002   PAD
    0x08003438   0x08003438   0x00000044   Code   RO         5118    i.prvHeapInit       heap_4.o
    0x0800347c   0x0800347c   0x00000048   Code   RO         4470    i.prvIdleTask       tasks.o
    0x080034c4   0x080034c4   0x0000007c   Code   RO         4471    i.prvInitialiseNewTask  tasks.o
    0x08003540   0x08003540   0x0000004c   Code   RO         5119    i.prvInsertBlockIntoFreeList  heap_4.o
    0x0800358c   0x0800358c   0x00000020   Code   RO         4472    i.prvResetNextTaskUnblockTime  tasks.o
    0x080035ac   0x080035ac   0x00000014   Code   RO         5170    i.prvTaskExitError  port.o
    0x080035c0   0x080035c0   0x000000b0   Code   RO         5120    i.pvPortMalloc      heap_4.o
    0x08003670   0x08003670   0x00000020   Code   RO         5171    i.pxPortInitialiseStack  port.o
    0x08003690   0x08003690   0x00000026   Code   RO         4115    i.uxListRemove      list.o
    0x080036b6   0x080036b6   0x00000002   PAD
    0x080036b8   0x080036b8   0x00000014   Code   RO          261    i.vApplicationGetIdleTaskMemory  freertos.o
    0x080036cc   0x080036cc   0x00000016   Code   RO         4116    i.vListInitialise   list.o
    0x080036e2   0x080036e2   0x00000006   Code   RO         4117    i.vListInitialiseItem  list.o
    0x080036e8   0x080036e8   0x00000030   Code   RO         4118    i.vListInsert       list.o
    0x08003718   0x08003718   0x00000018   Code   RO         4119    i.vListInsertEnd    list.o
    0x08003730   0x08003730   0x00000018   Code   RO         5173    i.vPortEnterCritical  port.o
    0x08003748   0x08003748   0x0000001c   Code   RO         5174    i.vPortExitCritical  port.o
    0x08003764   0x08003764   0x00000044   Code   RO         5121    i.vPortFree         heap_4.o
    0x080037a8   0x080037a8   0x00000018   Code   RO         5175    i.vPortYield        port.o
    0x080037c0   0x080037c0   0x00000030   Code   RO         4480    i.vTaskDelay        tasks.o
    0x080037f0   0x080037f0   0x00000058   Code   RO         4493    i.vTaskStartScheduler  tasks.o
    0x08003848   0x08003848   0x00000010   Code   RO         4495    i.vTaskSuspendAll   tasks.o
    0x08003858   0x08003858   0x00000058   Code   RO         4496    i.vTaskSwitchContext  tasks.o
    0x080038b0   0x080038b0   0x00000050   Code   RO         5176    i.xPortStartScheduler  port.o
    0x08003900   0x08003900   0x00000052   Code   RO         4498    i.xTaskCreate       tasks.o
    0x08003952   0x08003952   0x00000044   Code   RO         4499    i.xTaskCreateStatic  tasks.o
    0x08003996   0x08003996   0x00000002   PAD
    0x08003998   0x08003998   0x000000bc   Code   RO         4506    i.xTaskIncrementTick  tasks.o
    0x08003a54   0x08003a54   0x000000ac   Code   RO         4512    i.xTaskResumeAll    tasks.o
    0x08003b00   0x08003b00   0x00000038   Data   RO          263    .constdata          freertos.o
    0x08003b38   0x08003b38   0x00000010   Data   RO         3993    .constdata          system_stm32f0xx.o
    0x08003b48   0x08003b48   0x00000008   Data   RO         3994    .constdata          system_stm32f0xx.o
    0x08003b50   0x08003b50   0x0000000b   Data   RO          264    .conststring        freertos.o
    0x08003b5b   0x08003b5b   0x00000001   PAD
    0x08003b5c   0x08003b5c   0x00000020   Data   RO         5304    Region$$Table       anon$$obj.o


    Execution Region RW_IRAM1 (Exec base: 0x20000000, Load base: 0x08003b7c, Size: 0x000017a8, Max: 0x00001800, ABSOLUTE)

    Exec Addr    Load Addr    Size         Type   Attr      Idx    E Section Name        Object

    0x20000000   0x08003b7c   0x00000028   Data   RW          265    .data               freertos.o
    0x20000028   0x08003ba4   0x00000008   Data   RW          452    .data               tim.o
    0x20000030   0x08003bac   0x0000000c   Data   RW         1120    .data               stm32f0xx_hal.o
    0x2000003c   0x08003bb8   0x00000004   Data   RW         3995    .data               system_stm32f0xx.o
    0x20000040   0x08003bbc   0x0000003c   Data   RW         4515    .data               tasks.o
    0x2000007c   0x08003bf8   0x00000018   Data   RW         5126    .data               heap_4.o
    0x20000094   0x08003c10   0x00000004   Data   RW         5177    .data               port.o
    0x20000098        -       0x0000000c   Zero   RW           17    .bss                main.o
    0x200000a4        -       0x00000254   Zero   RW          262    .bss                freertos.o
    0x200002f8        -       0x00000084   Zero   RW          320    .bss                adc.o
    0x2000037c        -       0x0000006c   Zero   RW          362    .bss                can.o
    0x200003e8        -       0x00000080   Zero   RW          451    .bss                tim.o
    0x20000468        -       0x00000210   Zero   RW          539    .bss                usart.o
    0x20000678        -       0x00000040   Zero   RW          689    .bss                stm32f0xx_hal_timebase_tim.o
    0x200006b8        -       0x000000f0   Zero   RW         4514    .bss                tasks.o
    0x200007a8        -       0x00000c00   Zero   RW         5125    .bss                heap_4.o
    0x200013a8        -       0x00000400   Zero   RW            1    STACK               startup_stm32f042x6.o


==============================================================================

Image component sizes


      Code (inc. data)   RO Data    RW Data    ZI Data      Debug   Object Name

       284         26          0          0        132       1628   adc.o
       164         18          0          0        108       1720   can.o
       126          0          0          0          0       8157   cmsis_os.o
        72          4          0          0          0        682   dma.o
         0          0          0          0          0      10236   event_groups.o
       478        104         67         40        596       3776   freertos.o
       184         14          0          0          0        875   gpio.o
       388         22          0         24       3072       4043   heap_4.o
       138          0          0          0          0       3226   list.o
       220         24          0          0         12     515271   main.o
       366         58          0          4          0       6636   port.o
        88         38        192          0       1024        624   startup_stm32f042x6.o
        60         16          0         12          0       7266   stm32f0xx_hal.o
      1118         54          0          0          0       7313   stm32f0xx_hal_adc.o
       272          0          0          0          0       1319   stm32f0xx_hal_can.o
       100         14          0          0          0       9464   stm32f0xx_hal_cortex.o
       494         16          0          0          0       4650   stm32f0xx_hal_dma.o
       368         22          0          0          0       2232   stm32f0xx_hal_gpio.o
        40          6          0          0          0        754   stm32f0xx_hal_msp.o
      1588        106          0          0          0       5382   stm32f0xx_hal_rcc.o
       268         14          0          0          0       1444   stm32f0xx_hal_rcc_ex.o
      1824        102          0          0          0      15609   stm32f0xx_hal_tim.o
        92         10          0          0          0       2265   stm32f0xx_hal_tim_ex.o
       120         22          0          0         64       1323   stm32f0xx_hal_timebase_tim.o
      1296         44          0          0          0       8022   stm32f0xx_hal_uart.o
         2          0          0          0          0        936   stm32f0xx_hal_uart_ex.o
       132         46          0          0          0       3843   stm32f0xx_it.o
         0          0          0          0          0       9156   stream_buffer.o
         2          0         24          4          0       1027   system_stm32f0xx.o
      1288         82          0         60        240      14614   tasks.o
       530         76          0          8        128       4913   tim.o
       484         38          0          0        528       2479   usart.o

    ----------------------------------------------------------------------
     12616        976        316        152       5904     660885   Object Totals
         0          0         32          0          0          0   (incl. Generated)
        30          0          1          0          0          0   (incl. Padding)

    ----------------------------------------------------------------------

      Code (inc. data)   RO Data    RW Data    ZI Data      Debug   Library Member Name

         0          0          0          0          0          0   entry.o
         0          0          0          0          0          0   entry10a.o
         0          0          0          0          0          0   entry11a.o
         4          0          0          0          0          0   entry12b.o
         8          4          0          0          0          0   entry2.o
         4          0          0          0          0          0   entry5.o
         0          0          0          0          0          0   entry7b.o
         0          0          0          0          0          0   entry8b.o
         8          4          0          0          0          0   entry9a.o
        30          0          0          0          0          0   handlers.o
        36          8          0          0          0         68   init.o
         0          0          0          0          0          0   iusefp.o
       122          0          0          0          0         84   llmul.o
        32          0          0          0          0         68   llshl.o
        38          0          0          0          0         68   llsshr.o
        34          0          0          0          0         68   llushr.o
        36          0          0          0          0         60   memcpya.o
        36          0          0          0          0        100   memseta.o
        44          0          0          0          0         72   uidiv.o
        96          0          0          0          0         84   uldiv.o
        56          0          0          0          0         68   d2f.o
       360          6          0          0          0        140   dadd.o
       240          6          0          0          0         84   ddiv.o
       236          0          0          0          0        216   depilogue.o
        28          4          0          0          0         68   dfltui.o
        28          6          0          0          0         68   dfltul.o
       208          6          0          0          0         88   dmul.o
        40          0          0          0          0         60   f2d.o
       178          0          0          0          0        108   fadd.o
       124          0          0          0          0         72   fdiv.o
       130          0          0          0          0        144   fepilogue.o
        14          0          0          0          0         68   ffltui.o
       122          0          0          0          0         72   fmul.o

    ----------------------------------------------------------------------
      2296         44          0          0          0       1928   Library Totals
         4          0          0          0          0          0   (incl. Padding)

    ----------------------------------------------------------------------

      Code (inc. data)   RO Data    RW Data    ZI Data      Debug   Library Name

       528         16          0          0          0        672   mc_p.l
      1764         28          0          0          0       1256   mf_p.l

    ----------------------------------------------------------------------
      2296         44          0          0          0       1928   Library Totals

    ----------------------------------------------------------------------

==============================================================================


      Code (inc. data)   RO Data    RW Data    ZI Data      Debug   

     14912       1020        316        152       5904     655829   Grand Totals
     14912       1020        316        152       5904     655829   ELF Image Totals
     14912       1020        316        152          0          0   ROM Totals

==============================================================================

    Total RO  Size (Code + RO Data)                15228 (  14.87kB)
    Total RW  Size (RW Data + ZI Data)              6056 (   5.91kB)
    Total ROM Size (Code + RO Data + RW Data)      15380 (  15.02kB)

==============================================================================

